Archive member included to satisfy reference by file (symbol)

/usr/lib/gcc/arm-none-eabi/14.2.0/thumb/v6-m/nofp/libgcc.a(_dvmd_tls.o)
                              CMakeFiles/pico-mgr_board.dir/usr/share/pico-sdk/src/rp2_common/pico_divider/divider_hardware.S.o (__aeabi_idiv0)
/usr/lib/gcc/arm-none-eabi/14.2.0/../../../../arm-none-eabi/lib/thumb/v6-m/nofp/libg.a(libc_a-atexit.o)
                              /usr/lib/gcc/arm-none-eabi/14.2.0/../../../../arm-none-eabi/lib/thumb/v6-m/nofp/crt0.o (atexit)
/usr/lib/gcc/arm-none-eabi/14.2.0/../../../../arm-none-eabi/lib/thumb/v6-m/nofp/libg.a(libc_a-calloc.o)
                              CMakeFiles/pico-mgr_board.dir/usr/share/pico-sdk/src/rp2_common/pico_malloc/malloc.c.o (calloc)
/usr/lib/gcc/arm-none-eabi/14.2.0/../../../../arm-none-eabi/lib/thumb/v6-m/nofp/libg.a(libc_a-callocr.o)
                              /usr/lib/gcc/arm-none-eabi/14.2.0/../../../../arm-none-eabi/lib/thumb/v6-m/nofp/libg.a(libc_a-calloc.o) (_calloc_r)
/usr/lib/gcc/arm-none-eabi/14.2.0/../../../../arm-none-eabi/lib/thumb/v6-m/nofp/libg.a(libc_a-malloc.o)
                              CMakeFiles/pico-mgr_board.dir/usr/share/pico-sdk/src/rp2_common/pico_malloc/malloc.c.o (malloc)
/usr/lib/gcc/arm-none-eabi/14.2.0/../../../../arm-none-eabi/lib/thumb/v6-m/nofp/libg.a(libc_a-mallocr.o)
                              /usr/lib/gcc/arm-none-eabi/14.2.0/../../../../arm-none-eabi/lib/thumb/v6-m/nofp/libg.a(libc_a-callocr.o) (_malloc_r)
/usr/lib/gcc/arm-none-eabi/14.2.0/../../../../arm-none-eabi/lib/thumb/v6-m/nofp/libg.a(libc_a-mlock.o)
                              /usr/lib/gcc/arm-none-eabi/14.2.0/../../../../arm-none-eabi/lib/thumb/v6-m/nofp/libg.a(libc_a-mallocr.o) (__malloc_lock)
/usr/lib/gcc/arm-none-eabi/14.2.0/../../../../arm-none-eabi/lib/thumb/v6-m/nofp/libg.a(libc_a-realloc.o)
                              CMakeFiles/pico-mgr_board.dir/usr/share/pico-sdk/src/rp2_common/pico_malloc/malloc.c.o (realloc)
/usr/lib/gcc/arm-none-eabi/14.2.0/../../../../arm-none-eabi/lib/thumb/v6-m/nofp/libg.a(libc_a-reallocr.o)
                              /usr/lib/gcc/arm-none-eabi/14.2.0/../../../../arm-none-eabi/lib/thumb/v6-m/nofp/libg.a(libc_a-realloc.o) (_realloc_r)
/usr/lib/gcc/arm-none-eabi/14.2.0/../../../../arm-none-eabi/lib/thumb/v6-m/nofp/libg.a(libc_a-fflush.o)
                              CMakeFiles/pico-mgr_board.dir/no-OS-FatFS-SD-SPI-RPi-Pico/FatFs_SPI/sd_driver/demo_logging.c.o (fflush)
/usr/lib/gcc/arm-none-eabi/14.2.0/../../../../arm-none-eabi/lib/thumb/v6-m/nofp/libg.a(libc_a-findfp.o)
                              /usr/lib/gcc/arm-none-eabi/14.2.0/../../../../arm-none-eabi/lib/thumb/v6-m/nofp/libg.a(libc_a-fflush.o) (__sglue)
/usr/lib/gcc/arm-none-eabi/14.2.0/../../../../arm-none-eabi/lib/thumb/v6-m/nofp/libg.a(libc_a-fwalk.o)
                              /usr/lib/gcc/arm-none-eabi/14.2.0/../../../../arm-none-eabi/lib/thumb/v6-m/nofp/libg.a(libc_a-fflush.o) (_fwalk_sglue)
/usr/lib/gcc/arm-none-eabi/14.2.0/../../../../arm-none-eabi/lib/thumb/v6-m/nofp/libg.a(libc_a-stdio.o)
                              /usr/lib/gcc/arm-none-eabi/14.2.0/../../../../arm-none-eabi/lib/thumb/v6-m/nofp/libg.a(libc_a-findfp.o) (__sread)
/usr/lib/gcc/arm-none-eabi/14.2.0/../../../../arm-none-eabi/lib/thumb/v6-m/nofp/libg.a(libc_a-memcmp.o)
                              CMakeFiles/pico-mgr_board.dir/usr/share/pico-sdk/src/rp2_common/pico_atomic/atomic.c.o (memcmp)
/usr/lib/gcc/arm-none-eabi/14.2.0/../../../../arm-none-eabi/lib/thumb/v6-m/nofp/libg.a(libc_a-memmove.o)
                              /usr/lib/gcc/arm-none-eabi/14.2.0/../../../../arm-none-eabi/lib/thumb/v6-m/nofp/libg.a(libc_a-reallocr.o) (memmove)
/usr/lib/gcc/arm-none-eabi/14.2.0/../../../../arm-none-eabi/lib/thumb/v6-m/nofp/libg.a(libc_a-strchr.o)
                              CMakeFiles/pico-mgr_board.dir/no-OS-FatFS-SD-SPI-RPi-Pico/FatFs_SPI/ff15/source/ff.c.o (strchr)
/usr/lib/gcc/arm-none-eabi/14.2.0/../../../../arm-none-eabi/lib/thumb/v6-m/nofp/libg.a(libc_a-strncpy.o)
                              CMakeFiles/pico-mgr_board.dir/no-OS-FatFS-SD-SPI-RPi-Pico/FatFs_SPI/src/ff_stdio.c.o (strncpy)
/usr/lib/gcc/arm-none-eabi/14.2.0/../../../../arm-none-eabi/lib/thumb/v6-m/nofp/libg.a(libc_a-lcltime_r.o)
                              CMakeFiles/pico-mgr_board.dir/usr/share/pico-sdk/src/common/pico_util/datetime.c.o (localtime_r)
/usr/lib/gcc/arm-none-eabi/14.2.0/../../../../arm-none-eabi/lib/thumb/v6-m/nofp/libg.a(libc_a-mktime.o)
                              CMakeFiles/pico-mgr_board.dir/usr/share/pico-sdk/src/common/pico_util/datetime.c.o (mktime)
/usr/lib/gcc/arm-none-eabi/14.2.0/../../../../arm-none-eabi/lib/thumb/v6-m/nofp/libg.a(libc_a-month_lengths.o)
                              /usr/lib/gcc/arm-none-eabi/14.2.0/../../../../arm-none-eabi/lib/thumb/v6-m/nofp/libg.a(libc_a-lcltime_r.o) (__month_lengths)
/usr/lib/gcc/arm-none-eabi/14.2.0/../../../../arm-none-eabi/lib/thumb/v6-m/nofp/libg.a(libc_a-tzcalc_limits.o)
[...]
Memory Configuration

Name             Origin             Length             Attributes
FLASH            0x10000000         0x00200000         xr
RAM              0x20000000         0x00040000         xrw
SCRATCH_X        0x20040000         0x00001000         xrw
SCRATCH_Y        0x20041000         0x00001000         xrw
*default*        0x00000000         0xffffffff

Linker script and memory map

LOAD /usr/lib/gcc/arm-none-eabi/14.2.0/thumb/v6-m/nofp/crti.o
LOAD /usr/lib/gcc/arm-none-eabi/14.2.0/thumb/v6-m/nofp/crtbegin.o
LOAD /usr/lib/gcc/arm-none-eabi/14.2.0/../../../../arm-none-eabi/lib/thumb/v6-m/nofp/crt0.o

.flash_begin    0x10000000        0x0
                0x10000000                        __flash_binary_start = .

.boot2          0x10000000      0x100
                0x10000000                        __boot2_start__ = .
 *(.boot2)
 .boot2         0x10000000      0x100 pico-sdk/src/rp2040/boot_stage2/CMakeFiles/bs2_default_library.dir/bs2_default_padded_checksummed.S.o
                0x10000100                        __boot2_end__ = .
                0x00000001                        ASSERT (((__boot2_end__ - __boot2_start__) == 0x100), ERROR: Pico second stage bootloader must be 256 bytes in size)

.text           0x10000100     0xec88
                0x10000100                        __logical_binary_start = .
 *(.vectors)
 .vectors       0x10000100       0xd4 CMakeFiles/pico-mgr_board.dir/usr/share/pico-sdk/src/rp2_common/pico_crt0/crt0.S.o
                0x10000100                __vectors
                0x10000100                __VECTOR_TABLE
                0x100001c0                isr_invalid
                0x100001c0                __default_isrs_start
                0x100001c2                isr_nmi
                0x100001c4                isr_hardfault
                0x100001c6                isr_svcall
                0x100001c8                isr_pendsv
                0x100001ca                isr_systick
                0x100001cc                isr_irq30
                0x100001cc                __unhandled_user_irq
                0x100001cc                isr_irq13
                0x100001cc                isr_irq27
                0x100001cc                isr_irq31
                0x100001cc                isr_irq5
                0x100001cc                isr_irq11
                0x100001cc                isr_irq23
                0x100001cc                isr_irq18
                0x100001cc                isr_irq28
                0x100001cc                isr_irq19
                0x100001cc                isr_irq0
                0x100001cc                isr_irq6
                0x100001cc                isr_irq22
                0x100001cc                isr_irq17
                0x100001cc                isr_irq14
                0x100001cc                isr_irq2
                0x100001cc                isr_irq10
                0x100001cc                isr_irq8
                0x100001cc                isr_irq24
                0x100001cc                isr_irq1
                0x100001cc                isr_irq7
                0x100001cc                isr_irq21
                0x100001cc                isr_irq20
                0x100001cc                isr_irq15
                0x100001cc                isr_irq25
                0x100001cc                isr_irq4
                0x100001cc                isr_irq16
                0x100001cc                isr_irq29
                0x100001cc                isr_irq26
                0x100001cc                __default_isrs_end
                0x100001cc                isr_irq3
                0x100001cc                isr_irq12
                0x100001cc                isr_irq9
                0x100001d2                unhandled_user_irq_num_in_r0
 *(.binary_info_header)
 .binary_info_header
                0x100001d4       0x14 CMakeFiles/pico-mgr_board.dir/usr/share/pico-sdk/src/rp2_common/pico_crt0/crt0.S.o
                0x100001e8                        __binary_info_header_end = .
 *(.embedded_block)
                0x100001e8                        __embedded_block_end = .
 *(.reset)
 .reset         0x100001e8       0x9c CMakeFiles/pico-mgr_board.dir/usr/share/pico-sdk/src/rp2_common/pico_crt0/crt0.S.o
                0x100001e8                _entry_point
 *(.init)
 .init          0x10000284        0x4 /usr/lib/gcc/arm-none-eabi/14.2.0/thumb/v6-m/nofp/crti.o
                0x10000284                _init
 *(EXCLUDE_FILE(*libm.a: *libc.a:*lib_a-mem*.o *libgcc.a:) .text*)
 .text.frame_dummy
                0x10000288       0x20 /usr/lib/gcc/arm-none-eabi/14.2.0/thumb/v6-m/nofp/crtbegin.o
 .text.sd_get_num
                0x100002a8        0x4 CMakeFiles/pico-mgr_board.dir/mgr_board.c.o
                0x100002a8                sd_get_num
 .text.sd_get_by_num
                0x100002ac       0x18 CMakeFiles/pico-mgr_board.dir/mgr_board.c.o
                0x100002ac                sd_get_by_num
 .text.spi_get_num
                0x100002c4        0x4 CMakeFiles/pico-mgr_board.dir/mgr_board.c.o
                0x100002c4                spi_get_num
 .text.spi_get_by_num
                0x100002c8       0x18 CMakeFiles/pico-mgr_board.dir/mgr_board.c.o
                0x100002c8                spi_get_by_num
 .text.handle_error
                0x100002e0       0x18 CMakeFiles/pico-mgr_board.dir/mgr_board.c.o
                0x100002e0                handle_error
 .text.write_to_file
                0x100002f8       0x68 CMakeFiles/pico-mgr_board.dir/mgr_board.c.o
                0x100002f8                write_to_file
 .text.init_sd_card
                0x10000360       0x98 CMakeFiles/pico-mgr_board.dir/mgr_board.c.o
                0x10000360                init_sd_card
 .text.startup.main
                0x100003f8       0x48 CMakeFiles/pico-mgr_board.dir/mgr_board.c.o
                0x100003f8                main
 .text.init_dac
                0x10000440       0x4c CMakeFiles/pico-mgr_board.dir/MCP48CV.c.o
                0x10000440                init_dac
 .text.set_dac  0x1000048c       0x58 CMakeFiles/pico-mgr_board.dir/MCP48CV.c.o
                0x1000048c                set_dac
 .text.gpio_set_function
                0x100004e4       0x34 CMakeFiles/pico-mgr_board.dir/usr/share/pico-sdk/src/rp2_common/hardware_gpio/gpio.c.o
                0x100004e4                gpio_set_function
 .text.gpio_set_pulls
                0x10000518       0x28 CMakeFiles/pico-mgr_board.dir/usr/share/pico-sdk/src/rp2_common/hardware_gpio/gpio.c.o
                0x10000518                gpio_set_pulls
 .text.gpio_set_drive_strength
                0x10000540       0x24 CMakeFiles/pico-mgr_board.dir/usr/share/pico-sdk/src/rp2_common/hardware_gpio/gpio.c.o
                0x10000540                gpio_set_drive_strength
 .text.gpio_init
                0x10000564       0x40 CMakeFiles/pico-mgr_board.dir/usr/share/pico-sdk/src/rp2_common/hardware_gpio/gpio.c.o
                0x10000564                gpio_init
 .text.rp2040_chip_version
                0x100005a4        0xc CMakeFiles/pico-mgr_board.dir/usr/share/pico-sdk/src/rp2040/pico_platform/platform.c.o
                0x100005a4                rp2040_chip_version
 .text.panic    0x100005b0       0x30 CMakeFiles/pico-mgr_board.dir/usr/share/pico-sdk/src/rp2_common/pico_platform_panic/panic.c.o
                0x100005b0                panic
 .text.hw_claim_or_assert
                0x100005e0       0x44 CMakeFiles/pico-mgr_board.dir/usr/share/pico-sdk/src/common/hardware_claim/claim.c.o
                0x100005e0                hw_claim_or_assert
 .text.hw_claim_unused_from_range
                0x10000624       0x88 CMakeFiles/pico-mgr_board.dir/usr/share/pico-sdk/src/common/hardware_claim/claim.c.o
                0x10000624                hw_claim_unused_from_range
 .text.next_striped_spin_lock_num
                0x100006ac       0x18 CMakeFiles/pico-mgr_board.dir/usr/share/pico-sdk/src/rp2_common/hardware_sync/sync.c.o
                0x100006ac                next_striped_spin_lock_num
 .text.spin_lock_claim_unused
                0x100006c4       0x24 CMakeFiles/pico-mgr_board.dir/usr/share/pico-sdk/src/rp2_common/hardware_sync/sync.c.o
                0x100006c4                spin_lock_claim_unused
 .text.spin_locks_reset
                0x100006e8       0x1c CMakeFiles/pico-mgr_board.dir/usr/share/pico-sdk/src/rp2_common/hardware_sync_spin_lock/sync_spin_lock.c.o
                0x100006e8                spin_locks_reset
 .text.runtime_init_per_core_irq_priorities
                0x10000704       0x24 CMakeFiles/pico-mgr_board.dir/usr/share/pico-sdk/src/rp2_common/hardware_irq/irq.c.o
                0x10000704                runtime_init_per_core_irq_priorities
 .text.irq_set_enabled
                0x10000728       0x24 CMakeFiles/pico-mgr_board.dir/usr/share/pico-sdk/src/rp2_common/hardware_irq/irq.c.o
                0x10000728                irq_set_enabled
 .text.irq_is_enabled
                0x1000074c       0x18 CMakeFiles/pico-mgr_board.dir/usr/share/pico-sdk/src/rp2_common/hardware_irq/irq.c.o
                0x1000074c                irq_is_enabled
 .text.irq_set_pending
                0x10000764       0x10 CMakeFiles/pico-mgr_board.dir/usr/share/pico-sdk/src/rp2_common/hardware_irq/irq.c.o
                0x10000764                irq_set_pending
 .text.irq_has_shared_handler
                0x10000774       0x24 CMakeFiles/pico-mgr_board.dir/usr/share/pico-sdk/src/rp2_common/hardware_irq/irq.c.o
                0x10000774                irq_has_shared_handler
 .text.irq_set_exclusive_handler
                0x10000798       0x54 CMakeFiles/pico-mgr_board.dir/usr/share/pico-sdk/src/rp2_common/hardware_irq/irq.c.o
                0x10000798                irq_set_exclusive_handler
 .text.irq_add_shared_handler
                0x100007ec      0x1f4 CMakeFiles/pico-mgr_board.dir/usr/share/pico-sdk/src/rp2_common/hardware_irq/irq.c.o
                0x100007ec                irq_add_shared_handler
 .text.irq_add_tail_to_free_list
                0x100009e0       0xb4 CMakeFiles/pico-mgr_board.dir/usr/share/pico-sdk/src/rp2_common/hardware_irq/irq.c.o
                0x100009e0                irq_add_tail_to_free_list
 .text.user_irq_claim_unused
                0x10000a94       0x2c CMakeFiles/pico-mgr_board.dir/usr/share/pico-sdk/src/rp2_common/hardware_irq/irq.c.o
                0x10000a94                user_irq_claim_unused
 .text.sem_init
                0x10000ac0       0x20 CMakeFiles/pico-mgr_board.dir/usr/share/pico-sdk/src/common/pico_sync/sem.c.o
                0x10000ac0                sem_init
 .text.lock_init
                0x10000ae0       0x10 CMakeFiles/pico-mgr_board.dir/usr/share/pico-sdk/src/common/pico_sync/lock_core.c.o
                0x10000ae0                lock_init
 .text.runtime_init_mutex
                0x10000af0       0x50 CMakeFiles/pico-mgr_board.dir/usr/share/pico-sdk/src/common/pico_sync/mutex.c.o
                0x10000af0                runtime_init_mutex
 .text.mutex_init
                0x10000b40       0x1c CMakeFiles/pico-mgr_board.dir/usr/share/pico-sdk/src/common/pico_sync/mutex.c.o
                0x10000b40                mutex_init
 .text.critical_section_init
                0x10000b5c       0x1c CMakeFiles/pico-mgr_board.dir/usr/share/pico-sdk/src/common/pico_sync/critical_section.c.o
                0x10000b5c                critical_section_init
 .text.critical_section_init_with_lock_num
                0x10000b78       0x14 CMakeFiles/pico-mgr_board.dir/usr/share/pico-sdk/src/common/pico_sync/critical_section.c.o
                0x10000b78                critical_section_init_with_lock_num
 .text.sleep_until_callback
                0x10000b8c       0x30 CMakeFiles/pico-mgr_board.dir/usr/share/pico-sdk/src/common/pico_time/time.c.o
 .text.alarm_pool_irq_handler
                0x10000bbc      0x300 CMakeFiles/pico-mgr_board.dir/usr/share/pico-sdk/src/common/pico_time/time.c.o
 .text.runtime_init_default_alarm_pool
                0x10000ebc       0xdc CMakeFiles/pico-mgr_board.dir/usr/share/pico-sdk/src/common/pico_time/time.c.o
                0x10000ebc                runtime_init_default_alarm_pool
 .text.alarm_pool_get_default
                0x10000f98        0x8 CMakeFiles/pico-mgr_board.dir/usr/share/pico-sdk/src/common/pico_time/time.c.o
                0x10000f98                alarm_pool_get_default
 .text.alarm_pool_add_alarm_at
                0x10000fa0       0xd0 CMakeFiles/pico-mgr_board.dir/usr/share/pico-sdk/src/common/pico_time/time.c.o
                0x10000fa0                alarm_pool_add_alarm_at
 .text.alarm_pool_add_alarm_at_force_in_context
                0x10001070       0xb0 CMakeFiles/pico-mgr_board.dir/usr/share/pico-sdk/src/common/pico_time/time.c.o
                0x10001070                alarm_pool_add_alarm_at_force_in_context
 .text.alarm_pool_cancel_alarm
                0x10001120       0x74 CMakeFiles/pico-mgr_board.dir/usr/share/pico-sdk/src/common/pico_time/time.c.o
                0x10001120                alarm_pool_cancel_alarm
 .text.alarm_pool_core_num
                0x10001194        0x4 CMakeFiles/pico-mgr_board.dir/usr/share/pico-sdk/src/common/pico_time/time.c.o
                0x10001194                alarm_pool_core_num
 .text.sleep_ms
                0x10001198       0xfc CMakeFiles/pico-mgr_board.dir/usr/share/pico-sdk/src/common/pico_time/time.c.o
                0x10001198                sleep_ms
 .text.best_effort_wfe_or_timeout
                0x10001294      0x10c CMakeFiles/pico-mgr_board.dir/usr/share/pico-sdk/src/common/pico_time/time.c.o
                0x10001294                best_effort_wfe_or_timeout
 .text.timer_hardware_alarm_claim
                0x100013a0       0x14 CMakeFiles/pico-mgr_board.dir/usr/share/pico-sdk/src/rp2_common/hardware_timer/timer.c.o
                0x100013a0                timer_hardware_alarm_claim
 .text.timer_time_us_64
                0x100013b4       0x10 CMakeFiles/pico-mgr_board.dir/usr/share/pico-sdk/src/rp2_common/hardware_timer/timer.c.o
                0x100013b4                timer_time_us_64
 .text.time_us_64
                0x100013c4       0x14 CMakeFiles/pico-mgr_board.dir/usr/share/pico-sdk/src/rp2_common/hardware_timer/timer.c.o
                0x100013c4                time_us_64
 .text.busy_wait_us
                0x100013d8       0x68 CMakeFiles/pico-mgr_board.dir/usr/share/pico-sdk/src/rp2_common/hardware_timer/timer.c.o
                0x100013d8                busy_wait_us
 .text.busy_wait_until
                0x10001440       0x20 CMakeFiles/pico-mgr_board.dir/usr/share/pico-sdk/src/rp2_common/hardware_timer/timer.c.o
                0x10001440                busy_wait_until
 .text.clock_configure_int_divider
                0x10001460       0xf4 CMakeFiles/pico-mgr_board.dir/usr/share/pico-sdk/src/rp2_common/hardware_clocks/clocks.c.o
                0x10001460                clock_configure_int_divider
 .text.clock_configure_undivided
                0x10001554       0xe8 CMakeFiles/pico-mgr_board.dir/usr/share/pico-sdk/src/rp2_common/hardware_clocks/clocks.c.o
                0x10001554                clock_configure_undivided
 .text.clock_get_hz
                0x1000163c        0xc CMakeFiles/pico-mgr_board.dir/usr/share/pico-sdk/src/rp2_common/hardware_clocks/clocks.c.o
                0x1000163c                clock_get_hz
 .text.pll_init
                0x10001648       0xa4 CMakeFiles/pico-mgr_board.dir/usr/share/pico-sdk/src/rp2_common/hardware_pll/pll.c.o
                0x10001648                pll_init
 .text.watchdog_reboot
                0x100016ec       0x9c CMakeFiles/pico-mgr_board.dir/usr/share/pico-sdk/src/rp2_common/hardware_watchdog/watchdog.c.o
                0x100016ec                watchdog_reboot
 .text.tick_start
                0x10001788       0x10 CMakeFiles/pico-mgr_board.dir/usr/share/pico-sdk/src/rp2_common/hardware_ticks/ticks.c.o
                0x10001788                tick_start
 .text.rom_func_lookup
                0x10001798       0x10 CMakeFiles/pico-mgr_board.dir/usr/share/pico-sdk/src/rp2_common/pico_bootrom/bootrom.c.o
                0x10001798                rom_func_lookup
 .text.rom_data_lookup
                0x100017a8       0x10 CMakeFiles/pico-mgr_board.dir/usr/share/pico-sdk/src/rp2_common/pico_bootrom/bootrom.c.o
                0x100017a8                rom_data_lookup
 .text.rom_funcs_lookup
                0x100017b8       0x44 CMakeFiles/pico-mgr_board.dir/usr/share/pico-sdk/src/rp2_common/pico_bootrom/bootrom.c.o
                0x100017b8                rom_funcs_lookup
 .text.rom_reset_usb_boot_extra
                0x100017fc       0x24 CMakeFiles/pico-mgr_board.dir/usr/share/pico-sdk/src/rp2_common/pico_bootrom/bootrom.c.o
                0x100017fc                rom_reset_usb_boot_extra
 .text.xosc_init
                0x10001820       0x28 CMakeFiles/pico-mgr_board.dir/usr/share/pico-sdk/src/rp2_common/hardware_xosc/xosc.c.o
                0x10001820                xosc_init
 .text.first_per_core_initializer
                0x10001848        0x4 CMakeFiles/pico-mgr_board.dir/usr/share/pico-sdk/src/rp2_common/pico_runtime/runtime.c.o
 .text.hard_assertion_failure
                0x1000184c        0xc CMakeFiles/pico-mgr_board.dir/usr/share/pico-sdk/src/rp2_common/pico_runtime/runtime.c.o
                0x1000184c                hard_assertion_failure
 .text.runtime_run_initializers
                0x10001858       0x28 CMakeFiles/pico-mgr_board.dir/usr/share/pico-sdk/src/rp2_common/pico_runtime/runtime.c.o
                0x10001858                runtime_run_initializers
 .text.runtime_init_early_resets
                0x10001880       0x2c CMakeFiles/pico-mgr_board.dir/usr/share/pico-sdk/src/rp2_common/pico_runtime_init/runtime_init.c.o
                0x10001880                runtime_init_early_resets
 .text.runtime_init_usb_power_down
                0x100018ac       0x1c CMakeFiles/pico-mgr_board.dir/usr/share/pico-sdk/src/rp2_common/pico_runtime_init/runtime_init.c.o
                0x100018ac                runtime_init_usb_power_down
 .text.runtime_init_post_clock_resets
                0x100018c8       0x20 CMakeFiles/pico-mgr_board.dir/usr/share/pico-sdk/src/rp2_common/pico_runtime_init/runtime_init.c.o
                0x100018c8                runtime_init_post_clock_resets
 .text.runtime_init_rp2040_gpio_ie_disable
                0x100018e8       0x14 CMakeFiles/pico-mgr_board.dir/usr/share/pico-sdk/src/rp2_common/pico_runtime_init/runtime_init.c.o
                0x100018e8                runtime_init_rp2040_gpio_ie_disable
 .text.runtime_init_spin_locks_reset
                0x100018fc        0x8 CMakeFiles/pico-mgr_board.dir/usr/share/pico-sdk/src/rp2_common/pico_runtime_init/runtime_init.c.o
                0x100018fc                runtime_init_spin_locks_reset
 .text.runtime_init_install_ram_vector_table
                0x10001904       0x1c CMakeFiles/pico-mgr_board.dir/usr/share/pico-sdk/src/rp2_common/pico_runtime_init/runtime_init.c.o
                0x10001904                runtime_init_install_ram_vector_table
 .text.runtime_init_clocks
                0x10001920       0xd8 CMakeFiles/pico-mgr_board.dir/usr/share/pico-sdk/src/rp2_common/pico_runtime_init/runtime_init_clocks.c.o
                0x10001920                runtime_init_clocks
 .text          0x100019f8       0x10 CMakeFiles/pico-mgr_board.dir/usr/share/pico-sdk/src/rp2_common/pico_bit_ops/bit_ops_aeabi.S.o
 .text.__wrap___aeabi_idiv
                0x10001a08       0x50 CMakeFiles/pico-mgr_board.dir/usr/share/pico-sdk/src/rp2_common/pico_divider/divider_hardware.S.o
                0x10001a08                __wrap___aeabi_idivmod
                0x10001a08                divmod_s32s32
                0x10001a08                div_s32s32
                0x10001a08                __wrap___aeabi_idiv
                0x10001a10                divmod_s32s32_unsafe
                0x10001a3c                divmod_s32s32_savestate
 .text.__wrap___aeabi_uidiv
                0x10001a58       0x4c CMakeFiles/pico-mgr_board.dir/usr/share/pico-sdk/src/rp2_common/pico_divider/divider_hardware.S.o
                0x10001a58                __wrap___aeabi_uidiv
                0x10001a58                __wrap___aeabi_uidivmod
                0x10001a58                div_u32u32
                0x10001a58                divmod_u32u32
                0x10001a60                divmod_u32u32_unsafe
                0x10001a88                divmod_u32u32_savestate
 .text.__wrap___aeabi_ldiv
                0x10001aa4      0x424 CMakeFiles/pico-mgr_board.dir/usr/share/pico-sdk/src/rp2_common/pico_divider/divider_hardware.S.o
                0x10001aa4                div_s64s64
                0x10001aa4                divmod_s64s64
                0x10001aa4                __wrap___aeabi_ldivmod
                0x10001ad4                div_u64u64
                0x10001ad4                divmod_u64u64
                0x10001ad4                __wrap___aeabi_uldivmod
                0x10001ae4                divmod_u64u64_savestate
                0x10001b04                divmod_s64s64_unsafe
                0x10001b8c                divmod_u64u64_unsafe
 .text.__wrap___aeabi_darithmetic
                0x10001ec8       0x60 CMakeFiles/pico-mgr_board.dir/usr/share/pico-sdk/src/rp2_common/pico_double/double_aeabi_rp2040.S.o
                0x10001ec8                __wrap___aeabi_drsub
                0x10001ece                __wrap___aeabi_dsub
                0x10001ed8                __wrap___aeabi_dadd
                0x10001ee2                __wrap___aeabi_ddiv
                0x10001f16                __wrap___aeabi_dmul
 .text.__wrap___aeabi_cdcmple
                0x10001f28       0x6c CMakeFiles/pico-mgr_board.dir/usr/share/pico-sdk/src/rp2_common/pico_double/double_aeabi_rp2040.S.o
                0x10001f28                __wrap___aeabi_cdrcmple
                0x10001f38                __wrap___aeabi_cdcmple
                0x10001f38                __wrap___aeabi_cdcmpeq
 .text.__wrap___aeabi_dcmpeq
                0x10001f94       0x10 CMakeFiles/pico-mgr_board.dir/usr/share/pico-sdk/src/rp2_common/pico_double/double_aeabi_rp2040.S.o
                0x10001f94                __wrap___aeabi_dcmpeq
 .text.__wrap___aeabi_dcmplt
                0x10001fa4        0xc CMakeFiles/pico-mgr_board.dir/usr/share/pico-sdk/src/rp2_common/pico_double/double_aeabi_rp2040.S.o
                0x10001fa4                __wrap___aeabi_dcmplt
 .text.__wrap___aeabi_dcmple
                0x10001fb0       0x10 CMakeFiles/pico-mgr_board.dir/usr/share/pico-sdk/src/rp2_common/pico_double/double_aeabi_rp2040.S.o
                0x10001fb0                __wrap___aeabi_dcmple
 .text.__wrap___aeabi_dcmpge
                0x10001fc0       0x10 CMakeFiles/pico-mgr_board.dir/usr/share/pico-sdk/src/rp2_common/pico_double/double_aeabi_rp2040.S.o
                0x10001fc0                __wrap___aeabi_dcmpge
 .text.__wrap___aeabi_dcmpgt
                0x10001fd0        0xa CMakeFiles/pico-mgr_board.dir/usr/share/pico-sdk/src/rp2_common/pico_double/double_aeabi_rp2040.S.o
                0x10001fd0                __wrap___aeabi_dcmpgt
 .text.__wrap___aeabi_dcmpun
                0x10001fda       0x18 CMakeFiles/pico-mgr_board.dir/usr/share/pico-sdk/src/rp2_common/pico_double/double_aeabi_rp2040.S.o
                0x10001fda                __wrap___aeabi_dcmpun
 *fill*         0x10001ff2        0x2 
 .text.__wrap___aeabi_i2d
                0x10001ff4       0x38 CMakeFiles/pico-mgr_board.dir/usr/share/pico-sdk/src/rp2_common/pico_double/double_aeabi_rp2040.S.o
                0x10001ff4                __wrap___aeabi_ui2d
                0x10001ff4                uint2double
                0x10001ffc                __wrap___aeabi_i2d
                0x10001ffc                int2double
 .text.__wrap___aeabi_d2iz
                0x1000202c       0x48 CMakeFiles/pico-mgr_board.dir/usr/share/pico-sdk/src/rp2_common/pico_double/double_aeabi_rp2040.S.o
                0x1000202c                __wrap___aeabi_d2iz
                0x1000202c                double2int_z
 .text.__wrap___aeabi_d2uiz
                0x10002074       0x10 CMakeFiles/pico-mgr_board.dir/usr/share/pico-sdk/src/rp2_common/pico_double/double_aeabi_rp2040.S.o
                0x10002074                double2uint_z
                0x10002074                double2uint
                0x10002074                __wrap___aeabi_d2uiz
 .text.missing_double_func_shim
                0x10002084        0xc CMakeFiles/pico-mgr_board.dir/usr/share/pico-sdk/src/rp2_common/pico_double/double_init_rom_rp2040.c.o
 .text.__aeabi_double_init
                0x10002090       0xa0 CMakeFiles/pico-mgr_board.dir/usr/share/pico-sdk/src/rp2_common/pico_double/double_init_rom_rp2040.c.o
                0x10002090                __aeabi_double_init
 .text.double_table_shim_on_use_helper
                0x10002130       0x2c CMakeFiles/pico-mgr_board.dir/usr/share/pico-sdk/src/rp2_common/pico_double/double_v1_rom_shim_rp2040.S.o
                0x10002130                double_table_shim_on_use_helper
 .text.__aeabi_lmul
                0x1000215c       0x32 CMakeFiles/pico-mgr_board.dir/usr/share/pico-sdk/src/rp2_common/pico_int64_ops/pico_int64_ops_aeabi.S.o
                0x1000215c                __wrap___aeabi_lmul
 *fill*         0x1000218e        0x2 
 .text.missing_float_func_shim
                0x10002190        0xc CMakeFiles/pico-mgr_board.dir/usr/share/pico-sdk/src/rp2_common/pico_float/float_init_rom_rp2040.c.o
 .text.__aeabi_float_init
                0x1000219c       0x5c CMakeFiles/pico-mgr_board.dir/usr/share/pico-sdk/src/rp2_common/pico_float/float_init_rom_rp2040.c.o
                0x1000219c                __aeabi_float_init
 .text.__wrap_malloc
                0x100021f8       0x24 CMakeFiles/pico-mgr_board.dir/usr/share/pico-sdk/src/rp2_common/pico_malloc/malloc.c.o
                0x100021f8                __wrap_malloc
 .text.__wrap_free
                0x1000221c        0x8 CMakeFiles/pico-mgr_board.dir/usr/share/pico-sdk/src/rp2_common/pico_malloc/malloc.c.o
                0x1000221c                __wrap_free
 .text          0x10002224       0x10 CMakeFiles/pico-mgr_board.dir/usr/share/pico-sdk/src/rp2_common/pico_mem_ops/mem_ops_aeabi.S.o
                0x10002224                __aeabi_mem_init
 .text.memset   0x10002234        0xc CMakeFiles/pico-mgr_board.dir/usr/share/pico-sdk/src/rp2_common/pico_mem_ops/mem_ops_aeabi.S.o
                0x10002234                __wrap_memset
 .text.memcpy   0x10002240        0xc CMakeFiles/pico-mgr_board.dir/usr/share/pico-sdk/src/rp2_common/pico_mem_ops/mem_ops_aeabi.S.o
                0x10002240                __wrap___aeabi_memcpy
                0x10002240                __wrap_memcpy
 .text._out_buffer
                0x1000224c        0x8 CMakeFiles/pico-mgr_board.dir/usr/share/pico-sdk/src/rp2_common/pico_printf/printf.c.o
 .text._out_null
                0x10002254        0x4 CMakeFiles/pico-mgr_board.dir/usr/share/pico-sdk/src/rp2_common/pico_printf/printf.c.o
 .text._out_rev
                0x10002258       0xac CMakeFiles/pico-mgr_board.dir/usr/share/pico-sdk/src/rp2_common/pico_printf/printf.c.o
 .text._ntoa_format
                0x10002304      0x1cc CMakeFiles/pico-mgr_board.dir/usr/share/pico-sdk/src/rp2_common/pico_printf/printf.c.o
 .text._out_char
                0x100024d0       0x10 CMakeFiles/pico-mgr_board.dir/usr/share/pico-sdk/src/rp2_common/pico_printf/printf.c.o
 .text._out_fct
                0x100024e0       0x10 CMakeFiles/pico-mgr_board.dir/usr/share/pico-sdk/src/rp2_common/pico_printf/printf.c.o
 .text._ftoa    0x100024f0      0x4a8 CMakeFiles/pico-mgr_board.dir/usr/share/pico-sdk/src/rp2_common/pico_printf/printf.c.o
 .text._etoa    0x10002998      0x57c CMakeFiles/pico-mgr_board.dir/usr/share/pico-sdk/src/rp2_common/pico_printf/printf.c.o
 .text._vsnprintf
                0x10002f14      0xbe0 CMakeFiles/pico-mgr_board.dir/usr/share/pico-sdk/src/rp2_common/pico_printf/printf.c.o
 .text.__wrap_sprintf
                0x10003af4       0x2c CMakeFiles/pico-mgr_board.dir/usr/share/pico-sdk/src/rp2_common/pico_printf/printf.c.o
                0x10003af4                __wrap_sprintf
 .text.vfctprintf
                0x10003b20       0x24 CMakeFiles/pico-mgr_board.dir/usr/share/pico-sdk/src/rp2_common/pico_printf/printf.c.o
                0x10003b20                vfctprintf
 .text.weak_raw_vprintf
                0x10003b44       0x30 CMakeFiles/pico-mgr_board.dir/usr/share/pico-sdk/src/rp2_common/pico_printf/printf.c.o
                0x10003b44                weak_raw_vprintf
 .text._exit    0x10003b74        0x4 CMakeFiles/pico-mgr_board.dir/usr/share/pico-sdk/src/rp2_common/pico_clib_interface/newlib_interface.c.o
                0x10003b74                _exit
 .text._sbrk    0x10003b78       0x34 CMakeFiles/pico-mgr_board.dir/usr/share/pico-sdk/src/rp2_common/pico_clib_interface/newlib_interface.c.o
                0x10003b78                _sbrk
 .text.exit     0x10003bac        0x8 CMakeFiles/pico-mgr_board.dir/usr/share/pico-sdk/src/rp2_common/pico_clib_interface/newlib_interface.c.o
                0x10003bac                exit
 .text.runtime_init
                0x10003bb4       0x2c CMakeFiles/pico-mgr_board.dir/usr/share/pico-sdk/src/rp2_common/pico_clib_interface/newlib_interface.c.o
                0x10003bb4                runtime_init
 .text.stdio_out_chars_no_crlf
                0x10003be0       0x10 CMakeFiles/pico-mgr_board.dir/usr/share/pico-sdk/src/rp2_common/pico_stdio/stdio.c.o
 .text.stdio_out_chars_crlf
                0x10003bf0       0xb0 CMakeFiles/pico-mgr_board.dir/usr/share/pico-sdk/src/rp2_common/pico_stdio/stdio.c.o
 .text.stdio_buffered_printer
                0x10003ca0       0x64 CMakeFiles/pico-mgr_board.dir/usr/share/pico-sdk/src/rp2_common/pico_stdio/stdio.c.o
 .text.stdio_put_string
                0x10003d04       0xfc CMakeFiles/pico-mgr_board.dir/usr/share/pico-sdk/src/rp2_common/pico_stdio/stdio.c.o
                0x10003d04                stdio_put_string
 .text.stdio_set_driver_enabled
                0x10003e00       0x30 CMakeFiles/pico-mgr_board.dir/usr/share/pico-sdk/src/rp2_common/pico_stdio/stdio.c.o
                0x10003e00                stdio_set_driver_enabled
 .text.stdio_init_all
                0x10003e30        0x8 CMakeFiles/pico-mgr_board.dir/usr/share/pico-sdk/src/rp2_common/pico_stdio/stdio.c.o
                0x10003e30                stdio_init_all
 .text.__wrap_putchar
                0x10003e38       0x94 CMakeFiles/pico-mgr_board.dir/usr/share/pico-sdk/src/rp2_common/pico_stdio/stdio.c.o
                0x10003e38                stdio_putchar
                0x10003e38                __wrap_putchar
 .text.__wrap_puts
                0x10003ecc       0x3c CMakeFiles/pico-mgr_board.dir/usr/share/pico-sdk/src/rp2_common/pico_stdio/stdio.c.o
                0x10003ecc                __wrap_puts
                0x10003ecc                stdio_puts
 .text.__wrap_vprintf
                0x10003f08       0xcc CMakeFiles/pico-mgr_board.dir/usr/share/pico-sdk/src/rp2_common/pico_stdio/stdio.c.o
                0x10003f08                __wrap_vprintf
                0x10003f08                stdio_vprintf
 .text.__wrap_printf
                0x10003fd4       0x18 CMakeFiles/pico-mgr_board.dir/usr/share/pico-sdk/src/rp2_common/pico_stdio/stdio.c.o
                0x10003fd4                stdio_printf
                0x10003fd4                __wrap_printf
 .text.resetd_init
                0x10003fec        0x4 CMakeFiles/pico-mgr_board.dir/usr/share/pico-sdk/src/rp2_common/pico_stdio_usb/reset_interface.c.o
 .text.resetd_reset
                0x10003ff0        0xc CMakeFiles/pico-mgr_board.dir/usr/share/pico-sdk/src/rp2_common/pico_stdio_usb/reset_interface.c.o
 .text.resetd_open
                0x10003ffc       0x28 CMakeFiles/pico-mgr_board.dir/usr/share/pico-sdk/src/rp2_common/pico_stdio_usb/reset_interface.c.o
 .text.resetd_xfer_cb
                0x10004024        0x4 CMakeFiles/pico-mgr_board.dir/usr/share/pico-sdk/src/rp2_common/pico_stdio_usb/reset_interface.c.o
 .text.resetd_control_xfer_cb
                0x10004028       0x54 CMakeFiles/pico-mgr_board.dir/usr/share/pico-sdk/src/rp2_common/pico_stdio_usb/reset_interface.c.o
 .text.tud_descriptor_bos_cb
                0x1000407c        0x8 CMakeFiles/pico-mgr_board.dir/usr/share/pico-sdk/src/rp2_common/pico_stdio_usb/reset_interface.c.o
                0x1000407c                tud_descriptor_bos_cb
 .text.tud_vendor_control_xfer_cb
                0x10004084       0x34 CMakeFiles/pico-mgr_board.dir/usr/share/pico-sdk/src/rp2_common/pico_stdio_usb/reset_interface.c.o
                0x10004084                tud_vendor_control_xfer_cb
 .text.usbd_app_driver_get_cb
                0x100040b8        0xc CMakeFiles/pico-mgr_board.dir/usr/share/pico-sdk/src/rp2_common/pico_stdio_usb/reset_interface.c.o
                0x100040b8                usbd_app_driver_get_cb
 .text.tud_cdc_line_coding_cb
                0x100040c4       0x2c CMakeFiles/pico-mgr_board.dir/usr/share/pico-sdk/src/rp2_common/pico_stdio_usb/reset_interface.c.o
                0x100040c4                tud_cdc_line_coding_cb
 .text.stdio_usb_set_chars_available_callback
                0x100040f0       0x14 CMakeFiles/pico-mgr_board.dir/usr/share/pico-sdk/src/rp2_common/pico_stdio_usb/stdio_usb.c.o
                0x100040f0                stdio_usb_set_chars_available_callback
 .text.usb_irq  0x10004104       0x10 CMakeFiles/pico-mgr_board.dir/usr/share/pico-sdk/src/rp2_common/pico_stdio_usb/stdio_usb.c.o
 .text.timer_task
                0x10004114       0x64 CMakeFiles/pico-mgr_board.dir/usr/share/pico-sdk/src/rp2_common/pico_stdio_usb/stdio_usb.c.o
 .text.stdio_usb_in_chars
                0x10004178       0x8c CMakeFiles/pico-mgr_board.dir/usr/share/pico-sdk/src/rp2_common/pico_stdio_usb/stdio_usb.c.o
                0x10004178                stdio_usb_in_chars
 .text.stdio_usb_out_flush
                0x10004204       0x4c CMakeFiles/pico-mgr_board.dir/usr/share/pico-sdk/src/rp2_common/pico_stdio_usb/stdio_usb.c.o
 .text.stdio_usb_out_chars
                0x10004250      0x100 CMakeFiles/pico-mgr_board.dir/usr/share/pico-sdk/src/rp2_common/pico_stdio_usb/stdio_usb.c.o
 .text.low_priority_worker_irq
                0x10004350       0xc8 CMakeFiles/pico-mgr_board.dir/usr/share/pico-sdk/src/rp2_common/pico_stdio_usb/stdio_usb.c.o
 .text.stdio_usb_init
                0x10004418       0xe8 CMakeFiles/pico-mgr_board.dir/usr/share/pico-sdk/src/rp2_common/pico_stdio_usb/stdio_usb.c.o
                0x10004418                stdio_usb_init
 .text.tud_descriptor_device_cb
                0x10004500        0x8 CMakeFiles/pico-mgr_board.dir/usr/share/pico-sdk/src/rp2_common/pico_stdio_usb/stdio_usb_descriptors.c.o
                0x10004500                tud_descriptor_device_cb
 .text.tud_descriptor_configuration_cb
                0x10004508        0x8 CMakeFiles/pico-mgr_board.dir/usr/share/pico-sdk/src/rp2_common/pico_stdio_usb/stdio_usb_descriptors.c.o
                0x10004508                tud_descriptor_configuration_cb
 .text.tud_descriptor_string_cb
                0x10004510       0x78 CMakeFiles/pico-mgr_board.dir/usr/share/pico-sdk/src/rp2_common/pico_stdio_usb/stdio_usb_descriptors.c.o
                0x10004510                tud_descriptor_string_cb
 .text.startup._retrieve_unique_id_on_boot
                0x10004588       0x10 CMakeFiles/pico-mgr_board.dir/usr/share/pico-sdk/src/rp2_common/pico_unique_id/unique_id.c.o
 .text.pico_get_unique_board_id_string
                0x10004598      0x1a8 CMakeFiles/pico-mgr_board.dir/usr/share/pico-sdk/src/rp2_common/pico_unique_id/unique_id.c.o
                0x10004598                pico_get_unique_board_id_string
 .text.flash_get_unique_id
                0x10004740       0x3c CMakeFiles/pico-mgr_board.dir/usr/share/pico-sdk/src/rp2_common/hardware_flash/flash.c.o
                0x10004740                flash_get_unique_id
 .text.dcd_init
                0x1000477c       0x90 CMakeFiles/pico-mgr_board.dir/usr/share/pico-sdk/lib/tinyusb/src/portable/raspberrypi/rp2040/dcd_rp2040.c.o
                0x1000477c                dcd_init
 .text.dcd_int_enable
                0x1000480c        0xc CMakeFiles/pico-mgr_board.dir/usr/share/pico-sdk/lib/tinyusb/src/portable/raspberrypi/rp2040/dcd_rp2040.c.o
                0x1000480c                dcd_int_enable
 .text.dcd_set_address
                0x10004818       0x14 CMakeFiles/pico-mgr_board.dir/usr/share/pico-sdk/lib/tinyusb/src/portable/raspberrypi/rp2040/dcd_rp2040.c.o
                0x10004818                dcd_set_address
 .text.dcd_sof_enable
                0x1000482c       0x1c CMakeFiles/pico-mgr_board.dir/usr/share/pico-sdk/lib/tinyusb/src/portable/raspberrypi/rp2040/dcd_rp2040.c.o
                0x1000482c                dcd_sof_enable
 .text.dcd_edpt0_status_complete
                0x10004848       0x1c CMakeFiles/pico-mgr_board.dir/usr/share/pico-sdk/lib/tinyusb/src/portable/raspberrypi/rp2040/dcd_rp2040.c.o
                0x10004848                dcd_edpt0_status_complete
 .text.dcd_edpt_open
                0x10004864      0x114 CMakeFiles/pico-mgr_board.dir/usr/share/pico-sdk/lib/tinyusb/src/portable/raspberrypi/rp2040/dcd_rp2040.c.o
                0x10004864                dcd_edpt_open
 .text.dcd_edpt_close_all
                0x10004978        0x8 CMakeFiles/pico-mgr_board.dir/usr/share/pico-sdk/lib/tinyusb/src/portable/raspberrypi/rp2040/dcd_rp2040.c.o
                0x10004978                dcd_edpt_close_all
 .text.dcd_edpt_xfer
                0x10004980       0x24 CMakeFiles/pico-mgr_board.dir/usr/share/pico-sdk/lib/tinyusb/src/portable/raspberrypi/rp2040/dcd_rp2040.c.o
                0x10004980                dcd_edpt_xfer
 .text.dcd_edpt_stall
                0x100049a4       0x3c CMakeFiles/pico-mgr_board.dir/usr/share/pico-sdk/lib/tinyusb/src/portable/raspberrypi/rp2040/dcd_rp2040.c.o
                0x100049a4                dcd_edpt_stall
 .text.dcd_edpt_clear_stall
                0x100049e0       0x30 CMakeFiles/pico-mgr_board.dir/usr/share/pico-sdk/lib/tinyusb/src/portable/raspberrypi/rp2040/dcd_rp2040.c.o
                0x100049e0                dcd_edpt_clear_stall
 .text.rp2040_usb_init
                0x10004a10       0x40 CMakeFiles/pico-mgr_board.dir/usr/share/pico-sdk/lib/tinyusb/src/portable/raspberrypi/rp2040/rp2040_usb.c.o
                0x10004a10                rp2040_usb_init
 .text.hw_endpoint_xfer_start
                0x10004a50       0x40 CMakeFiles/pico-mgr_board.dir/usr/share/pico-sdk/lib/tinyusb/src/portable/raspberrypi/rp2040/rp2040_usb.c.o
                0x10004a50                hw_endpoint_xfer_start
 .text.tud_event_hook_cb
                0x10004a90        0x4 CMakeFiles/pico-mgr_board.dir/usr/share/pico-sdk/lib/tinyusb/src/device/usbd.c.o
                0x10004a90                tud_event_hook_cb
 .text.tud_sof_cb
                0x10004a94        0x4 CMakeFiles/pico-mgr_board.dir/usr/share/pico-sdk/lib/tinyusb/src/device/usbd.c.o
                0x10004a94                tud_sof_cb
 .text.tud_descriptor_device_qualifier_cb
                0x10004a98        0x4 CMakeFiles/pico-mgr_board.dir/usr/share/pico-sdk/lib/tinyusb/src/device/usbd.c.o
                0x10004a98                tud_descriptor_device_qualifier_cb
 .text.tud_descriptor_other_speed_configuration_cb
                0x10004a9c        0x4 CMakeFiles/pico-mgr_board.dir/usr/share/pico-sdk/lib/tinyusb/src/device/usbd.c.o
                0x10004a9c                tud_descriptor_other_speed_configuration_cb
 .text.tud_mount_cb
                0x10004aa0        0x4 CMakeFiles/pico-mgr_board.dir/usr/share/pico-sdk/lib/tinyusb/src/device/usbd.c.o
                0x10004aa0                tud_mount_cb
 .text.tud_umount_cb
                0x10004aa4        0x4 CMakeFiles/pico-mgr_board.dir/usr/share/pico-sdk/lib/tinyusb/src/device/usbd.c.o
                0x10004aa4                tud_umount_cb
 .text.tud_suspend_cb
                0x10004aa8        0x4 CMakeFiles/pico-mgr_board.dir/usr/share/pico-sdk/lib/tinyusb/src/device/usbd.c.o
                0x10004aa8                tud_suspend_cb
 .text.tud_resume_cb
                0x10004aac        0x4 CMakeFiles/pico-mgr_board.dir/usr/share/pico-sdk/lib/tinyusb/src/device/usbd.c.o
                0x10004aac                tud_resume_cb
 .text.tud_mounted
                0x10004ab0       0x10 CMakeFiles/pico-mgr_board.dir/usr/share/pico-sdk/lib/tinyusb/src/device/usbd.c.o
                0x10004ab0                tud_mounted
 .text.tud_suspended
                0x10004ac0       0x10 CMakeFiles/pico-mgr_board.dir/usr/share/pico-sdk/lib/tinyusb/src/device/usbd.c.o
                0x10004ac0                tud_suspended
 .text.tud_rhport_init
                0x10004ad0       0xf4 CMakeFiles/pico-mgr_board.dir/usr/share/pico-sdk/lib/tinyusb/src/device/usbd.c.o
                0x10004ad0                tud_rhport_init
 .text.tud_task_ext
                0x10004bc4      0x800 CMakeFiles/pico-mgr_board.dir/usr/share/pico-sdk/lib/tinyusb/src/device/usbd.c.o
                0x10004bc4                tud_task_ext
 .text.usbd_open_edpt_pair
                0x100053c4       0x9c CMakeFiles/pico-mgr_board.dir/usr/share/pico-sdk/lib/tinyusb/src/device/usbd.c.o
                0x100053c4                usbd_open_edpt_pair
 .text.usbd_edpt_open
                0x10005460       0x34 CMakeFiles/pico-mgr_board.dir/usr/share/pico-sdk/lib/tinyusb/src/device/usbd.c.o
                0x10005460                usbd_edpt_open
 .text.usbd_edpt_claim
                0x10005494       0x28 CMakeFiles/pico-mgr_board.dir/usr/share/pico-sdk/lib/tinyusb/src/device/usbd.c.o
                0x10005494                usbd_edpt_claim
 .text.usbd_edpt_release
                0x100054bc       0x28 CMakeFiles/pico-mgr_board.dir/usr/share/pico-sdk/lib/tinyusb/src/device/usbd.c.o
                0x100054bc                usbd_edpt_release
 .text.usbd_edpt_xfer
                0x100054e4       0x4c CMakeFiles/pico-mgr_board.dir/usr/share/pico-sdk/lib/tinyusb/src/device/usbd.c.o
                0x100054e4                usbd_edpt_xfer
 .text.tud_control_status
                0x10005530       0x2c CMakeFiles/pico-mgr_board.dir/usr/share/pico-sdk/lib/tinyusb/src/device/usbd_control.c.o
                0x10005530                tud_control_status
 .text.tud_control_xfer
                0x1000555c       0xa8 CMakeFiles/pico-mgr_board.dir/usr/share/pico-sdk/lib/tinyusb/src/device/usbd_control.c.o
                0x1000555c                tud_control_xfer
 .text.usbd_control_reset
                0x10005604       0x14 CMakeFiles/pico-mgr_board.dir/usr/share/pico-sdk/lib/tinyusb/src/device/usbd_control.c.o
                0x10005604                usbd_control_reset
 .text.usbd_control_set_complete_callback
                0x10005618        0xc CMakeFiles/pico-mgr_board.dir/usr/share/pico-sdk/lib/tinyusb/src/device/usbd_control.c.o
                0x10005618                usbd_control_set_complete_callback
 .text.usbd_control_set_request
                0x10005624       0x1c CMakeFiles/pico-mgr_board.dir/usr/share/pico-sdk/lib/tinyusb/src/device/usbd_control.c.o
                0x10005624                usbd_control_set_request
 .text.usbd_control_xfer_cb
                0x10005640       0xec CMakeFiles/pico-mgr_board.dir/usr/share/pico-sdk/lib/tinyusb/src/device/usbd_control.c.o
                0x10005640                usbd_control_xfer_cb
 .text._prep_out_transaction.isra.0
                0x1000572c       0x6c CMakeFiles/pico-mgr_board.dir/usr/share/pico-sdk/lib/tinyusb/src/class/cdc/cdc_device.c.o
 .text.tud_cdc_n_connected
                0x10005798       0x2c CMakeFiles/pico-mgr_board.dir/usr/share/pico-sdk/lib/tinyusb/src/class/cdc/cdc_device.c.o
                0x10005798                tud_cdc_n_connected
 .text.tud_cdc_n_available
                0x100057c4       0x14 CMakeFiles/pico-mgr_board.dir/usr/share/pico-sdk/lib/tinyusb/src/class/cdc/cdc_device.c.o
                0x100057c4                tud_cdc_n_available
 .text.tud_cdc_n_read
                0x100057d8       0x88 CMakeFiles/pico-mgr_board.dir/usr/share/pico-sdk/lib/tinyusb/src/class/cdc/cdc_device.c.o
                0x100057d8                tud_cdc_n_read
 .text.tud_cdc_n_write_flush
                0x10005860       0x74 CMakeFiles/pico-mgr_board.dir/usr/share/pico-sdk/lib/tinyusb/src/class/cdc/cdc_device.c.o
                0x10005860                tud_cdc_n_write_flush
 .text.tud_cdc_n_write
                0x100058d4       0x40 CMakeFiles/pico-mgr_board.dir/usr/share/pico-sdk/lib/tinyusb/src/class/cdc/cdc_device.c.o
                0x100058d4                tud_cdc_n_write
 .text.tud_cdc_n_write_available
                0x10005914       0x14 CMakeFiles/pico-mgr_board.dir/usr/share/pico-sdk/lib/tinyusb/src/class/cdc/cdc_device.c.o
                0x10005914                tud_cdc_n_write_available
 .text.cdcd_init
                0x10005928       0x70 CMakeFiles/pico-mgr_board.dir/usr/share/pico-sdk/lib/tinyusb/src/class/cdc/cdc_device.c.o
                0x10005928                cdcd_init
 .text.cdcd_deinit
                0x10005998       0x30 CMakeFiles/pico-mgr_board.dir/usr/share/pico-sdk/lib/tinyusb/src/class/cdc/cdc_device.c.o
                0x10005998                cdcd_deinit
 .text.cdcd_reset
                0x100059c8       0x4c CMakeFiles/pico-mgr_board.dir/usr/share/pico-sdk/lib/tinyusb/src/class/cdc/cdc_device.c.o
                0x100059c8                cdcd_reset
 .text.cdcd_open
                0x10005a14       0xa4 CMakeFiles/pico-mgr_board.dir/usr/share/pico-sdk/lib/tinyusb/src/class/cdc/cdc_device.c.o
                0x10005a14                cdcd_open
 .text.cdcd_control_xfer_cb
                0x10005ab8       0xe8 CMakeFiles/pico-mgr_board.dir/usr/share/pico-sdk/lib/tinyusb/src/class/cdc/cdc_device.c.o
                0x10005ab8                cdcd_control_xfer_cb
 .text.cdcd_xfer_cb
                0x10005ba0      0x100 CMakeFiles/pico-mgr_board.dir/usr/share/pico-sdk/lib/tinyusb/src/class/cdc/cdc_device.c.o
                0x10005ba0                cdcd_xfer_cb
 .text.vendord_init
                0x10005ca0       0x5c CMakeFiles/pico-mgr_board.dir/usr/share/pico-sdk/lib/tinyusb/src/class/vendor/vendor_device.c.o
                0x10005ca0                vendord_init
 .text.vendord_deinit
                0x10005cfc       0x1c CMakeFiles/pico-mgr_board.dir/usr/share/pico-sdk/lib/tinyusb/src/class/vendor/vendor_device.c.o
                0x10005cfc                vendord_deinit
 .text.vendord_reset
                0x10005d18       0x28 CMakeFiles/pico-mgr_board.dir/usr/share/pico-sdk/lib/tinyusb/src/class/vendor/vendor_device.c.o
                0x10005d18                vendord_reset
 .text.vendord_open
                0x10005d40      0x120 CMakeFiles/pico-mgr_board.dir/usr/share/pico-sdk/lib/tinyusb/src/class/vendor/vendor_device.c.o
                0x10005d40                vendord_open
 .text.vendord_xfer_cb
                0x10005e60       0x9c CMakeFiles/pico-mgr_board.dir/usr/share/pico-sdk/lib/tinyusb/src/class/vendor/vendor_device.c.o
                0x10005e60                vendord_xfer_cb
 .text.tusb_rhport_init
                0x10005efc       0x4c CMakeFiles/pico-mgr_board.dir/usr/share/pico-sdk/lib/tinyusb/src/tusb.c.o
                0x10005efc                tusb_rhport_init
 .text.tu_edpt_claim
                0x10005f48       0x50 CMakeFiles/pico-mgr_board.dir/usr/share/pico-sdk/lib/tinyusb/src/tusb.c.o
                0x10005f48                tu_edpt_claim
 .text.tu_edpt_release
                0x10005f98       0x38 CMakeFiles/pico-mgr_board.dir/usr/share/pico-sdk/lib/tinyusb/src/tusb.c.o
                0x10005f98                tu_edpt_release
 .text.tu_edpt_validate
                0x10005fd0       0x7c CMakeFiles/pico-mgr_board.dir/usr/share/pico-sdk/lib/tinyusb/src/tusb.c.o
                0x10005fd0                tu_edpt_validate
 .text.tu_edpt_bind_driver
                0x1000604c       0x34 CMakeFiles/pico-mgr_board.dir/usr/share/pico-sdk/lib/tinyusb/src/tusb.c.o
                0x1000604c                tu_edpt_bind_driver
 .text.tu_edpt_stream_init
                0x10006080       0x6c CMakeFiles/pico-mgr_board.dir/usr/share/pico-sdk/lib/tinyusb/src/tusb.c.o
                0x10006080                tu_edpt_stream_init
 .text.tu_edpt_stream_deinit
                0x100060ec        0x4 CMakeFiles/pico-mgr_board.dir/usr/share/pico-sdk/lib/tinyusb/src/tusb.c.o
                0x100060ec                tu_edpt_stream_deinit
 .text.tu_edpt_stream_write_zlp_if_needed
                0x100060f0       0x68 CMakeFiles/pico-mgr_board.dir/usr/share/pico-sdk/lib/tinyusb/src/tusb.c.o
                0x100060f0                tu_edpt_stream_write_zlp_if_needed
 .text.tu_edpt_stream_write_xfer
                0x10006158       0x68 CMakeFiles/pico-mgr_board.dir/usr/share/pico-sdk/lib/tinyusb/src/tusb.c.o
                0x10006158                tu_edpt_stream_write_xfer
 .text.tu_edpt_stream_read_xfer
                0x100061c0       0xd8 CMakeFiles/pico-mgr_board.dir/usr/share/pico-sdk/lib/tinyusb/src/tusb.c.o
                0x100061c0                tu_edpt_stream_read_xfer
 .text.tu_fifo_config
                0x10006298       0x6c CMakeFiles/pico-mgr_board.dir/usr/share/pico-sdk/lib/tinyusb/src/common/tusb_fifo.c.o
                0x10006298                tu_fifo_config
 .text.tu_fifo_count
                0x10006304       0x2c CMakeFiles/pico-mgr_board.dir/usr/share/pico-sdk/lib/tinyusb/src/common/tusb_fifo.c.o
                0x10006304                tu_fifo_count
 .text.tu_fifo_empty
                0x10006330       0x10 CMakeFiles/pico-mgr_board.dir/usr/share/pico-sdk/lib/tinyusb/src/common/tusb_fifo.c.o
                0x10006330                tu_fifo_empty
 .text.tu_fifo_remaining
                0x10006340       0x2c CMakeFiles/pico-mgr_board.dir/usr/share/pico-sdk/lib/tinyusb/src/common/tusb_fifo.c.o
                0x10006340                tu_fifo_remaining
 .text.tu_fifo_read
                0x1000636c       0x9c CMakeFiles/pico-mgr_board.dir/usr/share/pico-sdk/lib/tinyusb/src/common/tusb_fifo.c.o
                0x1000636c                tu_fifo_read
 .text.tu_fifo_read_n
                0x10006408       0xe8 CMakeFiles/pico-mgr_board.dir/usr/share/pico-sdk/lib/tinyusb/src/common/tusb_fifo.c.o
                0x10006408                tu_fifo_read_n
 .text.tu_fifo_write
                0x100064f0       0xa4 CMakeFiles/pico-mgr_board.dir/usr/share/pico-sdk/lib/tinyusb/src/common/tusb_fifo.c.o
                0x100064f0                tu_fifo_write
 .text.tu_fifo_write_n
                0x10006594      0x178 CMakeFiles/pico-mgr_board.dir/usr/share/pico-sdk/lib/tinyusb/src/common/tusb_fifo.c.o
                0x10006594                tu_fifo_write_n
 .text.tu_fifo_clear
                0x1000670c       0x40 CMakeFiles/pico-mgr_board.dir/usr/share/pico-sdk/lib/tinyusb/src/common/tusb_fifo.c.o
                0x1000670c                tu_fifo_clear
 .text.tu_fifo_set_overwritable
                0x1000674c       0x48 CMakeFiles/pico-mgr_board.dir/usr/share/pico-sdk/lib/tinyusb/src/common/tusb_fifo.c.o
                0x1000674c                tu_fifo_set_overwritable
 .text.dma_claim_unused_channel
                0x10006794       0x24 CMakeFiles/pico-mgr_board.dir/usr/share/pico-sdk/src/rp2_common/hardware_dma/dma.c.o
                0x10006794                dma_claim_unused_channel
 .text.spi_init
                0x100067b8      0x13c CMakeFiles/pico-mgr_board.dir/usr/share/pico-sdk/src/rp2_common/hardware_spi/spi.c.o
                0x100067b8                spi_init
 .text.spi_set_baudrate
                0x100068f4       0xb8 CMakeFiles/pico-mgr_board.dir/usr/share/pico-sdk/src/rp2_common/hardware_spi/spi.c.o
                0x100068f4                spi_set_baudrate
 .text.ff_memalloc
                0x100069ac        0x8 CMakeFiles/pico-mgr_board.dir/no-OS-FatFS-SD-SPI-RPi-Pico/FatFs_SPI/ff15/source/ffsystem.c.o
                0x100069ac                ff_memalloc
 .text.ff_memfree
                0x100069b4        0x8 CMakeFiles/pico-mgr_board.dir/no-OS-FatFS-SD-SPI-RPi-Pico/FatFs_SPI/ff15/source/ffsystem.c.o
                0x100069b4                ff_memfree
 .text.ff_uni2oem
                0x100069bc       0x40 CMakeFiles/pico-mgr_board.dir/no-OS-FatFS-SD-SPI-RPi-Pico/FatFs_SPI/ff15/source/ffunicode.c.o
                0x100069bc                ff_uni2oem
 .text.ff_wtoupper
                0x100069fc       0xb8 CMakeFiles/pico-mgr_board.dir/no-OS-FatFS-SD-SPI-RPi-Pico/FatFs_SPI/ff15/source/ffunicode.c.o
                0x100069fc                ff_wtoupper
 .text.tchar2uni
                0x10006ab4      0x100 CMakeFiles/pico-mgr_board.dir/no-OS-FatFS-SD-SPI-RPi-Pico/FatFs_SPI/ff15/source/ff.c.o
 .text.inc_share
                0x10006bb4      0x37c CMakeFiles/pico-mgr_board.dir/no-OS-FatFS-SD-SPI-RPi-Pico/FatFs_SPI/ff15/source/ff.c.o
 .text.dir_clear
                0x10006f30      0x1b0 CMakeFiles/pico-mgr_board.dir/no-OS-FatFS-SD-SPI-RPi-Pico/FatFs_SPI/ff15/source/ff.c.o
 .text.init_alloc_info.isra.0
                0x100070e0       0x6c CMakeFiles/pico-mgr_board.dir/no-OS-FatFS-SD-SPI-RPi-Pico/FatFs_SPI/ff15/source/ff.c.o
 .text.move_window
                0x1000714c       0xbc CMakeFiles/pico-mgr_board.dir/no-OS-FatFS-SD-SPI-RPi-Pico/FatFs_SPI/ff15/source/ff.c.o
 .text.put_fat.part.0
                0x10007208      0x164 CMakeFiles/pico-mgr_board.dir/no-OS-FatFS-SD-SPI-RPi-Pico/FatFs_SPI/ff15/source/ff.c.o
 .text.get_fat  0x1000736c      0x1b0 CMakeFiles/pico-mgr_board.dir/no-OS-FatFS-SD-SPI-RPi-Pico/FatFs_SPI/ff15/source/ff.c.o
 .text.dir_next.constprop.0
                0x1000751c       0xbc CMakeFiles/pico-mgr_board.dir/no-OS-FatFS-SD-SPI-RPi-Pico/FatFs_SPI/ff15/source/ff.c.o
 .text.sync_fs  0x100075d8       0xfc CMakeFiles/pico-mgr_board.dir/no-OS-FatFS-SD-SPI-RPi-Pico/FatFs_SPI/ff15/source/ff.c.o
 .text.check_fs
                0x100076d4      0x188 CMakeFiles/pico-mgr_board.dir/no-OS-FatFS-SD-SPI-RPi-Pico/FatFs_SPI/ff15/source/ff.c.o
 .text.mount_volume
                0x1000785c      0xac0 CMakeFiles/pico-mgr_board.dir/no-OS-FatFS-SD-SPI-RPi-Pico/FatFs_SPI/ff15/source/ff.c.o
 .text.load_xdir
                0x1000831c      0x1c0 CMakeFiles/pico-mgr_board.dir/no-OS-FatFS-SD-SPI-RPi-Pico/FatFs_SPI/ff15/source/ff.c.o
 .text.dir_read.constprop.0
                0x100084dc      0x518 CMakeFiles/pico-mgr_board.dir/no-OS-FatFS-SD-SPI-RPi-Pico/FatFs_SPI/ff15/source/ff.c.o
 .text.dir_sdi  0x100089f4      0x2f4 CMakeFiles/pico-mgr_board.dir/no-OS-FatFS-SD-SPI-RPi-Pico/FatFs_SPI/ff15/source/ff.c.o
 .text.store_xdir
                0x10008ce8      0x234 CMakeFiles/pico-mgr_board.dir/no-OS-FatFS-SD-SPI-RPi-Pico/FatFs_SPI/ff15/source/ff.c.o
 .text.dir_find
                0x10008f1c      0x49c CMakeFiles/pico-mgr_board.dir/no-OS-FatFS-SD-SPI-RPi-Pico/FatFs_SPI/ff15/source/ff.c.o
 .text.follow_path
                0x100093b8      0x5b0 CMakeFiles/pico-mgr_board.dir/no-OS-FatFS-SD-SPI-RPi-Pico/FatFs_SPI/ff15/source/ff.c.o
 .text.remove_chain
                0x10009968      0x3e4 CMakeFiles/pico-mgr_board.dir/no-OS-FatFS-SD-SPI-RPi-Pico/FatFs_SPI/ff15/source/ff.c.o
 .text.create_chain
                0x10009d4c      0x4fc CMakeFiles/pico-mgr_board.dir/no-OS-FatFS-SD-SPI-RPi-Pico/FatFs_SPI/ff15/source/ff.c.o
 .text.dir_alloc
                0x1000a248      0x214 CMakeFiles/pico-mgr_board.dir/no-OS-FatFS-SD-SPI-RPi-Pico/FatFs_SPI/ff15/source/ff.c.o
 .text.dir_register
                0x1000a45c      0x950 CMakeFiles/pico-mgr_board.dir/no-OS-FatFS-SD-SPI-RPi-Pico/FatFs_SPI/ff15/source/ff.c.o
 .text.f_mount  0x1000adac      0x1c8 CMakeFiles/pico-mgr_board.dir/no-OS-FatFS-SD-SPI-RPi-Pico/FatFs_SPI/ff15/source/ff.c.o
                0x1000adac                f_mount
 .text.f_open   0x1000af74      0x89c CMakeFiles/pico-mgr_board.dir/no-OS-FatFS-SD-SPI-RPi-Pico/FatFs_SPI/ff15/source/ff.c.o
                0x1000af74                f_open
 .text.f_write  0x1000b810      0x2f4 CMakeFiles/pico-mgr_board.dir/no-OS-FatFS-SD-SPI-RPi-Pico/FatFs_SPI/ff15/source/ff.c.o
                0x1000b810                f_write
 .text.putc_bfd
                0x1000bb04      0x178 CMakeFiles/pico-mgr_board.dir/no-OS-FatFS-SD-SPI-RPi-Pico/FatFs_SPI/ff15/source/ff.c.o
 .text.putc_bfd.constprop.0
                0x1000bc7c       0x50 CMakeFiles/pico-mgr_board.dir/no-OS-FatFS-SD-SPI-RPi-Pico/FatFs_SPI/ff15/source/ff.c.o
 .text.f_sync   0x1000bccc      0x2b8 CMakeFiles/pico-mgr_board.dir/no-OS-FatFS-SD-SPI-RPi-Pico/FatFs_SPI/ff15/source/ff.c.o
                0x1000bccc                f_sync
 .text.f_close  0x1000bf84       0x78 CMakeFiles/pico-mgr_board.dir/no-OS-FatFS-SD-SPI-RPi-Pico/FatFs_SPI/ff15/source/ff.c.o
                0x1000bf84                f_close
 .text.f_printf
                0x1000bffc      0xda8 CMakeFiles/pico-mgr_board.dir/no-OS-FatFS-SD-SPI-RPi-Pico/FatFs_SPI/ff15/source/ff.c.o
                0x1000bffc                f_printf
 .text.sd_spi_go_high_frequency
                0x1000cda4       0x10 CMakeFiles/pico-mgr_board.dir/no-OS-FatFS-SD-SPI-RPi-Pico/FatFs_SPI/sd_driver/sd_spi.c.o
                0x1000cda4                sd_spi_go_high_frequency
 .text.sd_spi_go_low_frequency
                0x1000cdb4       0x14 CMakeFiles/pico-mgr_board.dir/no-OS-FatFS-SD-SPI-RPi-Pico/FatFs_SPI/sd_driver/sd_spi.c.o
                0x1000cdb4                sd_spi_go_low_frequency
 .text.sd_spi_deselect_pulse
                0x1000cdc8       0x44 CMakeFiles/pico-mgr_board.dir/no-OS-FatFS-SD-SPI-RPi-Pico/FatFs_SPI/sd_driver/sd_spi.c.o
                0x1000cdc8                sd_spi_deselect_pulse
 .text.sd_spi_acquire
                0x1000ce0c       0x30 CMakeFiles/pico-mgr_board.dir/no-OS-FatFS-SD-SPI-RPi-Pico/FatFs_SPI/sd_driver/sd_spi.c.o
                0x1000ce0c                sd_spi_acquire
 .text.sd_spi_release
                0x1000ce3c       0x30 CMakeFiles/pico-mgr_board.dir/no-OS-FatFS-SD-SPI-RPi-Pico/FatFs_SPI/sd_driver/sd_spi.c.o
                0x1000ce3c                sd_spi_release
 .text.sd_spi_transfer
                0x1000ce6c        0xc CMakeFiles/pico-mgr_board.dir/no-OS-FatFS-SD-SPI-RPi-Pico/FatFs_SPI/sd_driver/sd_spi.c.o
                0x1000ce6c                sd_spi_transfer
 .text.sd_spi_write
                0x1000ce78       0x24 CMakeFiles/pico-mgr_board.dir/no-OS-FatFS-SD-SPI-RPi-Pico/FatFs_SPI/sd_driver/sd_spi.c.o
                0x1000ce78                sd_spi_write
 .text.sd_spi_send_initializing_sequence
                0x1000ce9c       0x78 CMakeFiles/pico-mgr_board.dir/no-OS-FatFS-SD-SPI-RPi-Pico/FatFs_SPI/sd_driver/sd_spi.c.o
                0x1000ce9c                sd_spi_send_initializing_sequence
 .text.spi_lock
                0x1000cf14        0xc CMakeFiles/pico-mgr_board.dir/no-OS-FatFS-SD-SPI-RPi-Pico/FatFs_SPI/sd_driver/spi.c.o
                0x1000cf14                spi_lock
 .text.spi_unlock
                0x1000cf20        0xc CMakeFiles/pico-mgr_board.dir/no-OS-FatFS-SD-SPI-RPi-Pico/FatFs_SPI/sd_driver/spi.c.o
                0x1000cf20                spi_unlock
 .text.my_spi_init
                0x1000cf2c      0x1b4 CMakeFiles/pico-mgr_board.dir/no-OS-FatFS-SD-SPI-RPi-Pico/FatFs_SPI/sd_driver/spi.c.o
                0x1000cf2c                my_spi_init
 .text.sd_test_com
                0x1000d0e0      0x1b8 CMakeFiles/pico-mgr_board.dir/no-OS-FatFS-SD-SPI-RPi-Pico/FatFs_SPI/sd_driver/sd_card.c.o
 .text.sd_cmd   0x1000d298      0x348 CMakeFiles/pico-mgr_board.dir/no-OS-FatFS-SD-SPI-RPi-Pico/FatFs_SPI/sd_driver/sd_card.c.o
 .text.sd_sectors_nolock
                0x1000d5e0      0x178 CMakeFiles/pico-mgr_board.dir/no-OS-FatFS-SD-SPI-RPi-Pico/FatFs_SPI/sd_driver/sd_card.c.o
 .text.sd_read_blocks
                0x1000d758      0x190 CMakeFiles/pico-mgr_board.dir/no-OS-FatFS-SD-SPI-RPi-Pico/FatFs_SPI/sd_driver/sd_card.c.o
                0x1000d758                sd_read_blocks
 .text.sd_write_blocks
                0x1000d8e8      0x1fc CMakeFiles/pico-mgr_board.dir/no-OS-FatFS-SD-SPI-RPi-Pico/FatFs_SPI/sd_driver/sd_card.c.o
                0x1000d8e8                sd_write_blocks
 .text.sd_init  0x1000dae4      0x210 CMakeFiles/pico-mgr_board.dir/no-OS-FatFS-SD-SPI-RPi-Pico/FatFs_SPI/sd_driver/sd_card.c.o
 .text.sd_card_detect
                0x1000dcf4       0x44 CMakeFiles/pico-mgr_board.dir/no-OS-FatFS-SD-SPI-RPi-Pico/FatFs_SPI/sd_driver/sd_card.c.o
                0x1000dcf4                sd_card_detect
 .text.sd_sectors
                0x1000dd38       0x30 CMakeFiles/pico-mgr_board.dir/no-OS-FatFS-SD-SPI-RPi-Pico/FatFs_SPI/sd_driver/sd_card.c.o
                0x1000dd38                sd_sectors
 .text.sd_init_driver
                0x1000dd68      0x110 CMakeFiles/pico-mgr_board.dir/no-OS-FatFS-SD-SPI-RPi-Pico/FatFs_SPI/sd_driver/sd_card.c.o
                0x1000dd68                sd_init_driver
 .text.crc7     0x1000de78       0x28 CMakeFiles/pico-mgr_board.dir/no-OS-FatFS-SD-SPI-RPi-Pico/FatFs_SPI/sd_driver/crc.c.o
                0x1000de78                crc7
 .text.crc16    0x1000dea0       0x30 CMakeFiles/pico-mgr_board.dir/no-OS-FatFS-SD-SPI-RPi-Pico/FatFs_SPI/sd_driver/crc.c.o
                0x1000dea0                crc16
 .text.disk_status
                0x1000ded0       0x18 CMakeFiles/pico-mgr_board.dir/no-OS-FatFS-SD-SPI-RPi-Pico/FatFs_SPI/src/glue.c.o
                0x1000ded0                disk_status
 .text.disk_initialize
                0x1000dee8       0x2c CMakeFiles/pico-mgr_board.dir/no-OS-FatFS-SD-SPI-RPi-Pico/FatFs_SPI/src/glue.c.o
                0x1000dee8                disk_initialize
 .text.disk_read
                0x1000df14       0x74 CMakeFiles/pico-mgr_board.dir/no-OS-FatFS-SD-SPI-RPi-Pico/FatFs_SPI/src/glue.c.o
                0x1000df14                disk_read
 .text.disk_write
                0x1000df88       0x74 CMakeFiles/pico-mgr_board.dir/no-OS-FatFS-SD-SPI-RPi-Pico/FatFs_SPI/src/glue.c.o
                0x1000df88                disk_write
 .text.disk_ioctl
                0x1000dffc       0x3c CMakeFiles/pico-mgr_board.dir/no-OS-FatFS-SD-SPI-RPi-Pico/FatFs_SPI/src/glue.c.o
                0x1000dffc                disk_ioctl
 .text.get_fattime
                0x1000e038       0x64 CMakeFiles/pico-mgr_board.dir/no-OS-FatFS-SD-SPI-RPi-Pico/FatFs_SPI/src/rtc.c.o
                0x1000e038                get_fattime
 .text.rtc_get_datetime
                0x1000e09c       0x44 CMakeFiles/pico-mgr_board.dir/usr/share/pico-sdk/src/rp2_common/hardware_rtc/rtc.c.o
                0x1000e09c                rtc_get_datetime
 .text.atexit   0x1000e0e0       0x10 /usr/lib/gcc/arm-none-eabi/14.2.0/../../../../arm-none-eabi/lib/thumb/v6-m/nofp/libg.a(libc_a-atexit.o)
                0x1000e0e0                atexit
 .text.malloc   0x1000e0f0       0x14 /usr/lib/gcc/arm-none-eabi/14.2.0/../../../../arm-none-eabi/lib/thumb/v6-m/nofp/libg.a(libc_a-malloc.o)
                0x1000e0f0                malloc
 .text.free     0x1000e104       0x14 /usr/lib/gcc/arm-none-eabi/14.2.0/../../../../arm-none-eabi/lib/thumb/v6-m/nofp/libg.a(libc_a-malloc.o)
                0x1000e104                free
 .text._malloc_r
                0x1000e118      0x5cc /usr/lib/gcc/arm-none-eabi/14.2.0/../../../../arm-none-eabi/lib/thumb/v6-m/nofp/libg.a(libc_a-mallocr.o)
                0x1000e118                _malloc_r
 .text.__malloc_lock
                0x1000e6e4       0x10 /usr/lib/gcc/arm-none-eabi/14.2.0/../../../../arm-none-eabi/lib/thumb/v6-m/nofp/libg.a(libc_a-mlock.o)
                0x1000e6e4                __malloc_lock
 .text.__malloc_unlock
                0x1000e6f4       0x10 /usr/lib/gcc/arm-none-eabi/14.2.0/../../../../arm-none-eabi/lib/thumb/v6-m/nofp/libg.a(libc_a-mlock.o)
                0x1000e6f4                __malloc_unlock
 .text.memcmp   0x1000e704       0x48 /usr/lib/gcc/arm-none-eabi/14.2.0/../../../../arm-none-eabi/lib/thumb/v6-m/nofp/libg.a(libc_a-memcmp.o)
                0x1000e704                memcmp
 .text.strchr   0x1000e74c       0xc4 /usr/lib/gcc/arm-none-eabi/14.2.0/../../../../arm-none-eabi/lib/thumb/v6-m/nofp/libg.a(libc_a-strchr.o)
                0x1000e74c                strchr
 .text._sbrk_r  0x1000e810       0x24 /usr/lib/gcc/arm-none-eabi/14.2.0/../../../../arm-none-eabi/lib/thumb/v6-m/nofp/libg.a(libc_a-sbrkr.o)
                0x1000e810                _sbrk_r
 .text.__errno  0x1000e834        0xc /usr/lib/gcc/arm-none-eabi/14.2.0/../../../../arm-none-eabi/lib/thumb/v6-m/nofp/libg.a(libc_a-errno.o)
                0x1000e834                __errno
 .text.__libc_fini_array
                0x1000e840       0x28 /usr/lib/gcc/arm-none-eabi/14.2.0/../../../../arm-none-eabi/lib/thumb/v6-m/nofp/libg.a(libc_a-fini.o)
                0x1000e840                __libc_fini_array
 .text.__retarget_lock_acquire_recursive
                0x1000e868        0x4 /usr/lib/gcc/arm-none-eabi/14.2.0/../../../../arm-none-eabi/lib/thumb/v6-m/nofp/libg.a(libc_a-lock.o)
                0x1000e868                __retarget_lock_acquire_recursive
 .text.__retarget_lock_release_recursive
                0x1000e86c        0x4 /usr/lib/gcc/arm-none-eabi/14.2.0/../../../../arm-none-eabi/lib/thumb/v6-m/nofp/libg.a(libc_a-lock.o)
                0x1000e86c                __retarget_lock_release_recursive
 .text.sysconf  0x1000e870       0x1c /usr/lib/gcc/arm-none-eabi/14.2.0/../../../../arm-none-eabi/lib/thumb/v6-m/nofp/libg.a(libc_a-sysconf.o)
                0x1000e870                sysconf
 .text.strlen   0x1000e88c       0x5c /usr/lib/gcc/arm-none-eabi/14.2.0/../../../../arm-none-eabi/lib/thumb/v6-m/nofp/libg.a(libc_a-strlen-stub.o)
                0x1000e88c                strlen
 .text.__register_exitproc
                0x1000e8e8       0xa8 /usr/lib/gcc/arm-none-eabi/14.2.0/../../../../arm-none-eabi/lib/thumb/v6-m/nofp/libg.a(libc_a-__atexit.o)
                0x1000e8e8                __register_exitproc
 .text.startup.register_fini
                0x1000e990       0x18 /usr/lib/gcc/arm-none-eabi/14.2.0/../../../../arm-none-eabi/lib/thumb/v6-m/nofp/libg.a(libc_a-__call_atexit.o)
 .text._malloc_trim_r
                0x1000e9a8       0xb4 /usr/lib/gcc/arm-none-eabi/14.2.0/../../../../arm-none-eabi/lib/thumb/v6-m/nofp/libg.a(libc_a-freer.o)
                0x1000e9a8                _malloc_trim_r
 .text._free_r  0x1000ea5c      0x1f0 /usr/lib/gcc/arm-none-eabi/14.2.0/../../../../arm-none-eabi/lib/thumb/v6-m/nofp/libg.a(libc_a-freer.o)
                0x1000ea5c                _free_r
 *(.fini)
 .fini          0x1000ec4c        0x4 /usr/lib/gcc/arm-none-eabi/14.2.0/thumb/v6-m/nofp/crti.o
                0x1000ec4c                _fini
 .fini.__stub   0x1000ec50       0xf0 linker stubs
 *crtbegin.o(.ctors)
 *crtbegin?.o(.ctors)
 *(EXCLUDE_FILE(*crtend.o *crtend?.o) .ctors)
 *(SORT_BY_NAME(.ctors.*))
 *(.ctors)
 *crtbegin.o(.dtors)
 *crtbegin?.o(.dtors)
 *(EXCLUDE_FILE(*crtend.o *crtend?.o) .dtors)
 *(SORT_BY_NAME(.dtors.*))
 *(.dtors)
                0x1000ed40                        . = ALIGN (0x4)
                0x1000ed40                        PROVIDE (__preinit_array_start = .)
 *(SORT_BY_NAME(.preinit_array.*))
 .preinit_array.00100
                0x1000ed40        0x4 CMakeFiles/pico-mgr_board.dir/usr/share/pico-sdk/src/rp2_common/pico_runtime_init/runtime_init.c.o
                0x1000ed40                __pre_init_runtime_init_early_resets
 .preinit_array.00101
                0x1000ed44        0x4 CMakeFiles/pico-mgr_board.dir/usr/share/pico-sdk/src/rp2_common/pico_runtime_init/runtime_init.c.o
                0x1000ed44                __pre_init_runtime_init_usb_power_down
 .preinit_array.00275
                0x1000ed48        0x4 CMakeFiles/pico-mgr_board.dir/usr/share/pico-sdk/src/rp2_common/pico_bit_ops/bit_ops_aeabi.S.o
 .preinit_array.00300
                0x1000ed4c        0x4 CMakeFiles/pico-mgr_board.dir/usr/share/pico-sdk/src/rp2_common/pico_mem_ops/mem_ops_aeabi.S.o
 .preinit_array.00350
                0x1000ed50        0x4 CMakeFiles/pico-mgr_board.dir/usr/share/pico-sdk/src/rp2_common/pico_double/double_aeabi_rp2040.S.o
 .preinit_array.00350
                0x1000ed54        0x4 CMakeFiles/pico-mgr_board.dir/usr/share/pico-sdk/src/rp2_common/pico_float/float_aeabi_rp2040.S.o
 .preinit_array.00500
                0x1000ed58        0x4 CMakeFiles/pico-mgr_board.dir/usr/share/pico-sdk/src/rp2_common/pico_runtime_init/runtime_init.c.o
                0x1000ed58                __pre_init_runtime_init_clocks
 .preinit_array.00600
                0x1000ed5c        0x4 CMakeFiles/pico-mgr_board.dir/usr/share/pico-sdk/src/rp2_common/pico_runtime_init/runtime_init.c.o
                0x1000ed5c                __pre_init_runtime_init_post_clock_resets
 .preinit_array.00700
                0x1000ed60        0x4 CMakeFiles/pico-mgr_board.dir/usr/share/pico-sdk/src/rp2_common/pico_runtime_init/runtime_init.c.o
                0x1000ed60                __pre_init_runtime_init_rp2040_gpio_ie_disable
 .preinit_array.01000
                0x1000ed64        0x4 CMakeFiles/pico-mgr_board.dir/usr/share/pico-sdk/src/rp2_common/pico_runtime_init/runtime_init.c.o
                0x1000ed64                __pre_init_runtime_init_spin_locks_reset
 .preinit_array.01100
                0x1000ed68        0x4 CMakeFiles/pico-mgr_board.dir/usr/share/pico-sdk/src/common/pico_sync/mutex.c.o
                0x1000ed68                __pre_init_runtime_init_mutex
 .preinit_array.10080
                0x1000ed6c        0x4 CMakeFiles/pico-mgr_board.dir/usr/share/pico-sdk/src/rp2_common/pico_runtime_init/runtime_init.c.o
                0x1000ed6c                __pre_init_runtime_init_install_ram_vector_table
 .preinit_array.11000
                0x1000ed70        0x4 CMakeFiles/pico-mgr_board.dir/usr/share/pico-sdk/src/common/pico_time/time.c.o
                0x1000ed70                __pre_init_runtime_init_default_alarm_pool
 .preinit_array.YYYYY
                0x1000ed74        0x4 CMakeFiles/pico-mgr_board.dir/usr/share/pico-sdk/src/rp2_common/pico_runtime/runtime.c.o
                0x1000ed74                __pre_init_first_per_core_initializer
 .preinit_array.ZZZZZ.01200
                0x1000ed78        0x4 CMakeFiles/pico-mgr_board.dir/usr/share/pico-sdk/src/rp2_common/hardware_irq/irq.c.o
                0x1000ed78                __pre_init_runtime_init_per_core_irq_priorities
 *(.preinit_array)
                0x1000ed7c                        PROVIDE (__preinit_array_end = .)
                0x1000ed7c                        . = ALIGN (0x4)
                0x1000ed7c                        PROVIDE (__init_array_start = .)
 *(SORT_BY_NAME(.init_array.*))
 .init_array.00000
                0x1000ed7c        0x4 /usr/lib/gcc/arm-none-eabi/14.2.0/../../../../arm-none-eabi/lib/thumb/v6-m/nofp/libg.a(libc_a-__call_atexit.o)
 *(.init_array)
 .init_array    0x1000ed80        0x4 /usr/lib/gcc/arm-none-eabi/14.2.0/thumb/v6-m/nofp/crtbegin.o
 .init_array    0x1000ed84        0x4 CMakeFiles/pico-mgr_board.dir/usr/share/pico-sdk/src/rp2_common/pico_unique_id/unique_id.c.o
                0x1000ed88                        PROVIDE (__init_array_end = .)
                0x1000ed88                        . = ALIGN (0x4)
                0x1000ed88                        PROVIDE (__fini_array_start = .)
 *(SORT_BY_NAME(.fini_array.*))
 *(.fini_array)
                0x1000ed88                        PROVIDE (__fini_array_end = .)
 *(.eh_frame*)
 .eh_frame      0x1000ed88        0x0 /usr/lib/gcc/arm-none-eabi/14.2.0/thumb/v6-m/nofp/crtbegin.o
                0x1000ed88                        . = ALIGN (0x4)

.glue_7         0x1000ed88        0x0
 .glue_7        0x1000ed88        0x0 linker stubs

.glue_7t        0x1000ed88        0x0
 .glue_7t       0x1000ed88        0x0 linker stubs

.vfp11_veneer   0x1000ed88        0x0
 .vfp11_veneer  0x1000ed88        0x0 linker stubs

.v4_bx          0x1000ed88        0x0
 .v4_bx         0x1000ed88        0x0 linker stubs

.iplt           0x1000ed88        0x0
 .iplt          0x1000ed88        0x0 /usr/lib/gcc/arm-none-eabi/14.2.0/thumb/v6-m/nofp/crtbegin.o

.rodata         0x1000ed88      0xfe8
 *(EXCLUDE_FILE(*libm.a: *libc.a:*lib_a-mem*.o *libgcc.a:) .rodata*)
 .rodata.handle_error.str1.4
                0x1000ed88      0x2ca CMakeFiles/pico-mgr_board.dir/mgr_board.c.o
                                 0x10 (size before relaxing)
 .rodata.write_to_file.str1.4
                0x1000f052       0x45 CMakeFiles/pico-mgr_board.dir/mgr_board.c.o
 .rodata.write_header.str1.4
                0x1000f052       0x1e CMakeFiles/pico-mgr_board.dir/mgr_board.c.o
 .rodata.init_sd_card.str1.4
                0x1000f052       0x35 CMakeFiles/pico-mgr_board.dir/mgr_board.c.o
 .rodata.main.str1.4
                0x1000f052       0x10 CMakeFiles/pico-mgr_board.dir/mgr_board.c.o
 .rodata.str1.4
                0x1000f052        0x3 CMakeFiles/pico-mgr_board.dir/mgr_board.c.o
 .rodata.panic.str1.4
                0x1000f052       0x12 CMakeFiles/pico-mgr_board.dir/usr/share/pico-sdk/src/rp2_common/pico_platform_panic/panic.c.o
 .rodata.spin_lock_claim_unused.str1.4
                0x1000f052       0x1b CMakeFiles/pico-mgr_board.dir/usr/share/pico-sdk/src/rp2_common/hardware_sync/sync.c.o
 .rodata.user_irq_claim_unused.str1.4
                0x1000f052       0x1b CMakeFiles/pico-mgr_board.dir/usr/share/pico-sdk/src/rp2_common/hardware_irq/irq.c.o
 .rodata.timer_hardware_alarm_claim.str1.4
                0x1000f052       0x22 CMakeFiles/pico-mgr_board.dir/usr/share/pico-sdk/src/rp2_common/hardware_timer/timer.c.o
 .rodata.hard_assertion_failure.str1.4
                0x1000f052        0xc CMakeFiles/pico-mgr_board.dir/usr/share/pico-sdk/src/rp2_common/pico_runtime/runtime.c.o
 .rodata.missing_double_func_shim.str1.4
                0x1000f052       0x18 CMakeFiles/pico-mgr_board.dir/usr/share/pico-sdk/src/rp2_common/pico_double/double_init_rom_rp2040.c.o
 .rodata.missing_float_func_shim.str1.4
                0x1000f052        0x1 CMakeFiles/pico-mgr_board.dir/usr/share/pico-sdk/src/rp2_common/pico_float/float_init_rom_rp2040.c.o
 .rodata.__wrap_malloc.str1.4
                0x1000f052        0xe CMakeFiles/pico-mgr_board.dir/usr/share/pico-sdk/src/rp2_common/pico_malloc/malloc.c.o
 .rodata.str1.4
                0x1000f052       0x44 CMakeFiles/pico-mgr_board.dir/usr/share/pico-sdk/src/rp2_common/pico_standard_binary_info/standard_binary_info.c.o
 *fill*         0x1000f052        0x2 
 .rodata.__bi_84
                0x1000f054        0xc CMakeFiles/pico-mgr_board.dir/usr/share/pico-sdk/src/rp2_common/pico_standard_binary_info/standard_binary_info.c.o
 .rodata.__bi_78
                0x1000f060        0xc CMakeFiles/pico-mgr_board.dir/usr/share/pico-sdk/src/rp2_common/pico_standard_binary_info/standard_binary_info.c.o
 .rodata.__bi_54
                0x1000f06c        0xc CMakeFiles/pico-mgr_board.dir/usr/share/pico-sdk/src/rp2_common/pico_standard_binary_info/standard_binary_info.c.o
 .rodata.__bi_48
                0x1000f078        0xc CMakeFiles/pico-mgr_board.dir/usr/share/pico-sdk/src/rp2_common/pico_standard_binary_info/standard_binary_info.c.o
 .rodata.__bi_42
                0x1000f084        0xc CMakeFiles/pico-mgr_board.dir/usr/share/pico-sdk/src/rp2_common/pico_standard_binary_info/standard_binary_info.c.o
 .rodata.__bi_34
                0x1000f090        0xc CMakeFiles/pico-mgr_board.dir/usr/share/pico-sdk/src/rp2_common/pico_standard_binary_info/standard_binary_info.c.o
 .rodata.__bi_26
                0x1000f09c        0xc CMakeFiles/pico-mgr_board.dir/usr/share/pico-sdk/src/rp2_common/pico_standard_binary_info/standard_binary_info.c.o
 .rodata._ftoa.str1.4
                0x1000f0a8       0x15 CMakeFiles/pico-mgr_board.dir/usr/share/pico-sdk/src/rp2_common/pico_printf/printf.c.o
 .rodata._vsnprintf
                0x1000f0a8      0x19c CMakeFiles/pico-mgr_board.dir/usr/share/pico-sdk/src/rp2_common/pico_printf/printf.c.o
 *fill*         0x1000f244        0x4 
 .rodata.pow10.0
                0x1000f248       0x50 CMakeFiles/pico-mgr_board.dir/usr/share/pico-sdk/src/rp2_common/pico_printf/printf.c.o
 .rodata.crlf_str.0
                0x1000f298        0x2 CMakeFiles/pico-mgr_board.dir/usr/share/pico-sdk/src/rp2_common/pico_stdio/stdio.c.o
 *fill*         0x1000f29a        0x2 
 .rodata._resetd_driver
                0x1000f29c       0x20 CMakeFiles/pico-mgr_board.dir/usr/share/pico-sdk/src/rp2_common/pico_stdio_usb/reset_interface.c.o
 .rodata.desc_ms_os_20
                0x1000f2bc       0xa6 CMakeFiles/pico-mgr_board.dir/usr/share/pico-sdk/src/rp2_common/pico_stdio_usb/reset_interface.c.o
 *fill*         0x1000f362        0x2 
 .rodata.desc_bos
                0x1000f364       0x21 CMakeFiles/pico-mgr_board.dir/usr/share/pico-sdk/src/rp2_common/pico_stdio_usb/reset_interface.c.o
                0x1000f364                desc_bos
 .rodata.str1.4
                0x1000f385       0x13 CMakeFiles/pico-mgr_board.dir/usr/share/pico-sdk/src/rp2_common/pico_stdio_usb/stdio_usb.c.o
 *fill*         0x1000f385        0x3 
 .rodata.__bi_197.0
                0x1000f388        0xc CMakeFiles/pico-mgr_board.dir/usr/share/pico-sdk/src/rp2_common/pico_stdio_usb/stdio_usb.c.o
 .rodata.str1.4
                0x1000f394       0x2a CMakeFiles/pico-mgr_board.dir/usr/share/pico-sdk/src/rp2_common/pico_stdio_usb/stdio_usb_descriptors.c.o
 .rodata.usbd_desc_str
                0x1000f394       0x18 CMakeFiles/pico-mgr_board.dir/usr/share/pico-sdk/src/rp2_common/pico_stdio_usb/stdio_usb_descriptors.c.o
 .rodata.usbd_desc_cfg
                0x1000f3ac       0x54 CMakeFiles/pico-mgr_board.dir/usr/share/pico-sdk/src/rp2_common/pico_stdio_usb/stdio_usb_descriptors.c.o
 .rodata.usbd_desc_device
                0x1000f400       0x12 CMakeFiles/pico-mgr_board.dir/usr/share/pico-sdk/src/rp2_common/pico_stdio_usb/stdio_usb_descriptors.c.o
 .rodata.str1.4
                0x1000f412       0x14 CMakeFiles/pico-mgr_board.dir/usr/share/pico-sdk/lib/tinyusb/src/portable/raspberrypi/rp2040/dcd_rp2040.c.o
 .rodata.str1.4
                0x1000f412       0x48 CMakeFiles/pico-mgr_board.dir/usr/share/pico-sdk/lib/tinyusb/src/portable/raspberrypi/rp2040/rp2040_usb.c.o
 *fill*         0x1000f412        0x2 
 .rodata.tud_task_ext
                0x1000f414       0x8c CMakeFiles/pico-mgr_board.dir/usr/share/pico-sdk/lib/tinyusb/src/device/usbd.c.o
 .rodata        0x1000f4a0       0x1c CMakeFiles/pico-mgr_board.dir/usr/share/pico-sdk/lib/tinyusb/src/device/usbd.c.o
 .rodata._usbd_driver
                0x1000f4bc       0x40 CMakeFiles/pico-mgr_board.dir/usr/share/pico-sdk/lib/tinyusb/src/device/usbd.c.o
 .rodata.dma_claim_unused_channel.str1.4
                0x1000f4fc       0x1e CMakeFiles/pico-mgr_board.dir/usr/share/pico-sdk/src/rp2_common/hardware_dma/dma.c.o
 .rodata.ff_wtoupper
                0x1000f4fc       0x24 CMakeFiles/pico-mgr_board.dir/no-OS-FatFS-SD-SPI-RPi-Pico/FatFs_SPI/ff15/source/ffunicode.c.o
 .rodata.cvt2.0
                0x1000f520       0xbc CMakeFiles/pico-mgr_board.dir/no-OS-FatFS-SD-SPI-RPi-Pico/FatFs_SPI/ff15/source/ffunicode.c.o
 .rodata.cvt1.1
                0x1000f5dc      0x1f2 CMakeFiles/pico-mgr_board.dir/no-OS-FatFS-SD-SPI-RPi-Pico/FatFs_SPI/ff15/source/ffunicode.c.o
 *fill*         0x1000f7ce        0x2 
 .rodata.uc437  0x1000f7d0      0x100 CMakeFiles/pico-mgr_board.dir/no-OS-FatFS-SD-SPI-RPi-Pico/FatFs_SPI/ff15/source/ffunicode.c.o
 .rodata.check_fs.str1.4
                0x1000f8d0       0x15 CMakeFiles/pico-mgr_board.dir/no-OS-FatFS-SD-SPI-RPi-Pico/FatFs_SPI/ff15/source/ff.c.o
 .rodata.follow_path.str1.4
                0x1000f8d0       0x13 CMakeFiles/pico-mgr_board.dir/no-OS-FatFS-SD-SPI-RPi-Pico/FatFs_SPI/ff15/source/ff.c.o
 .rodata.f_printf.str1.4
                0x1000f8d0        0xc CMakeFiles/pico-mgr_board.dir/no-OS-FatFS-SD-SPI-RPi-Pico/FatFs_SPI/ff15/source/ff.c.o
 .rodata.f_printf
                0x1000f8d0       0xd0 CMakeFiles/pico-mgr_board.dir/no-OS-FatFS-SD-SPI-RPi-Pico/FatFs_SPI/ff15/source/ff.c.o
 .rodata.ExCvt  0x1000f9a0       0x80 CMakeFiles/pico-mgr_board.dir/no-OS-FatFS-SD-SPI-RPi-Pico/FatFs_SPI/ff15/source/ff.c.o
 .rodata.LfnOfs
                0x1000fa20        0xd CMakeFiles/pico-mgr_board.dir/no-OS-FatFS-SD-SPI-RPi-Pico/FatFs_SPI/ff15/source/ff.c.o
 *fill*         0x1000fa2d        0x3 
 .rodata.GUID_MS_Basic
                0x1000fa30       0x10 CMakeFiles/pico-mgr_board.dir/no-OS-FatFS-SD-SPI-RPi-Pico/FatFs_SPI/ff15/source/ff.c.o
 .rodata        0x1000fa40       0x2c CMakeFiles/pico-mgr_board.dir/no-OS-FatFS-SD-SPI-RPi-Pico/FatFs_SPI/ff15/source/ff.c.o
 .rodata.dummy.2
                0x1000fa6c        0x1 CMakeFiles/pico-mgr_board.dir/no-OS-FatFS-SD-SPI-RPi-Pico/FatFs_SPI/sd_driver/spi.c.o
 .rodata.sd_init.str1.4
                0x1000fa6d       0x16 CMakeFiles/pico-mgr_board.dir/no-OS-FatFS-SD-SPI-RPi-Pico/FatFs_SPI/sd_driver/sd_card.c.o
 *fill*         0x1000fa6d        0x3 
 .rodata.m_Crc16Table
                0x1000fa70      0x200 CMakeFiles/pico-mgr_board.dir/no-OS-FatFS-SD-SPI-RPi-Pico/FatFs_SPI/sd_driver/crc.c.o
 .rodata.m_Crc7Table
                0x1000fc70      0x100 CMakeFiles/pico-mgr_board.dir/no-OS-FatFS-SD-SPI-RPi-Pico/FatFs_SPI/sd_driver/crc.c.o
                0x1000fd70                        . = ALIGN (0x4)
 *(SORT_BY_ALIGNMENT(SORT_BY_NAME(.flashdata*)))
                0x1000fd70                        . = ALIGN (0x4)

.ARM.extab
 *(.ARM.extab* .gnu.linkonce.armextab.*)
                0x1000fd70                        __exidx_start = .

.ARM.exidx
 *(.ARM.exidx* .gnu.linkonce.armexidx.*)
                0x1000fd70                        __exidx_end = .
                0x1000fd70                        . = ALIGN (0x4)
                0x1000fd70                        __binary_info_start = .

.binary_info    0x1000fd70       0x20
 *(.binary_info.keep.*)
 .binary_info.keep.__bi_ptr84
                0x1000fd70        0x4 CMakeFiles/pico-mgr_board.dir/usr/share/pico-sdk/src/rp2_common/pico_standard_binary_info/standard_binary_info.c.o
 .binary_info.keep.__bi_ptr78
                0x1000fd74        0x4 CMakeFiles/pico-mgr_board.dir/usr/share/pico-sdk/src/rp2_common/pico_standard_binary_info/standard_binary_info.c.o
 .binary_info.keep.__bi_ptr54
                0x1000fd78        0x4 CMakeFiles/pico-mgr_board.dir/usr/share/pico-sdk/src/rp2_common/pico_standard_binary_info/standard_binary_info.c.o
 .binary_info.keep.__bi_ptr48
                0x1000fd7c        0x4 CMakeFiles/pico-mgr_board.dir/usr/share/pico-sdk/src/rp2_common/pico_standard_binary_info/standard_binary_info.c.o
 .binary_info.keep.__bi_ptr42
                0x1000fd80        0x4 CMakeFiles/pico-mgr_board.dir/usr/share/pico-sdk/src/rp2_common/pico_standard_binary_info/standard_binary_info.c.o
 .binary_info.keep.__bi_ptr34
                0x1000fd84        0x4 CMakeFiles/pico-mgr_board.dir/usr/share/pico-sdk/src/rp2_common/pico_standard_binary_info/standard_binary_info.c.o
 .binary_info.keep.__bi_ptr26
                0x1000fd88        0x4 CMakeFiles/pico-mgr_board.dir/usr/share/pico-sdk/src/rp2_common/pico_standard_binary_info/standard_binary_info.c.o
 *(.binary_info.*)
 .binary_info.__bi_ptr197
                0x1000fd8c        0x4 CMakeFiles/pico-mgr_board.dir/usr/share/pico-sdk/src/rp2_common/pico_stdio_usb/stdio_usb.c.o
                0x1000fd90                        __binary_info_end = .

.rel.dyn        0x1000fd90        0x0
 .rel.iplt      0x1000fd90        0x0 /usr/lib/gcc/arm-none-eabi/14.2.0/thumb/v6-m/nofp/crtbegin.o
                0x1000fd90                        . = ALIGN (0x4)

.ram_vector_table
                0x20000000       0xc0
 *(.ram_vector_table)
 .ram_vector_table
                0x20000000       0xc0 CMakeFiles/pico-mgr_board.dir/usr/share/pico-sdk/src/rp2_common/pico_runtime_init/runtime_init.c.o
                0x20000000                ram_vector_table

.uninitialized_data
                0x200000c0        0x0
                0x200000c0                        . = ALIGN (0x4)
 *(.uninitialized_data*)

.data           0x200000c0     0x1b6c load address 0x1000fd90
                0x200000c0                        __data_start__ = .
 *(vtable)
 *(.time_critical*)
 .time_critical.sem_acquire_timeout_ms
                0x200000c0       0x7c CMakeFiles/pico-mgr_board.dir/usr/share/pico-sdk/src/common/pico_sync/sem.c.o
                0x200000c0                sem_acquire_timeout_ms
 .time_critical.sem_release
                0x2000013c       0x48 CMakeFiles/pico-mgr_board.dir/usr/share/pico-sdk/src/common/pico_sync/sem.c.o
                0x2000013c                sem_release
 .time_critical.sem_reset
                0x20000184       0x40 CMakeFiles/pico-mgr_board.dir/usr/share/pico-sdk/src/common/pico_sync/sem.c.o
                0x20000184                sem_reset
 .time_critical.mutex_enter_blocking
                0x200001c4       0x44 CMakeFiles/pico-mgr_board.dir/usr/share/pico-sdk/src/common/pico_sync/mutex.c.o
                0x200001c4                mutex_enter_blocking
 .time_critical.mutex_try_enter
                0x20000208       0x40 CMakeFiles/pico-mgr_board.dir/usr/share/pico-sdk/src/common/pico_sync/mutex.c.o
                0x20000208                mutex_try_enter
 .time_critical.mutex_try_enter_block_until
                0x20000248       0x98 CMakeFiles/pico-mgr_board.dir/usr/share/pico-sdk/src/common/pico_sync/mutex.c.o
                0x20000248                mutex_try_enter_block_until
 .time_critical.mutex_enter_timeout_ms
                0x200002e0       0x8c CMakeFiles/pico-mgr_board.dir/usr/share/pico-sdk/src/common/pico_sync/mutex.c.o
                0x200002e0                mutex_enter_timeout_ms
 .time_critical.mutex_exit
                0x2000036c       0x28 CMakeFiles/pico-mgr_board.dir/usr/share/pico-sdk/src/common/pico_sync/mutex.c.o
                0x2000036c                mutex_exit
 .time_critical.flash_init_boot2_copyout
                0x20000394       0x30 CMakeFiles/pico-mgr_board.dir/usr/share/pico-sdk/src/rp2_common/hardware_flash/flash.c.o
 .time_critical.flash_enable_xip_via_boot2
                0x200003c4        0xc CMakeFiles/pico-mgr_board.dir/usr/share/pico-sdk/src/rp2_common/hardware_flash/flash.c.o
 .time_critical.flash_cs_force
                0x200003d0       0x38 CMakeFiles/pico-mgr_board.dir/usr/share/pico-sdk/src/rp2_common/hardware_flash/flash.c.o
 .time_critical.flash_do_cmd
                0x20000408      0x130 CMakeFiles/pico-mgr_board.dir/usr/share/pico-sdk/src/rp2_common/hardware_flash/flash.c.o
                0x20000408                flash_do_cmd
 .time_critical.reset_non_control_endpoints
                0x20000538       0x68 CMakeFiles/pico-mgr_board.dir/usr/share/pico-sdk/lib/tinyusb/src/portable/raspberrypi/rp2040/dcd_rp2040.c.o
 .time_critical.hw_handle_buff_status
                0x200005a0       0xa0 CMakeFiles/pico-mgr_board.dir/usr/share/pico-sdk/lib/tinyusb/src/portable/raspberrypi/rp2040/dcd_rp2040.c.o
 .time_critical.dcd_rp2040_irq
                0x20000640      0x548 CMakeFiles/pico-mgr_board.dir/usr/share/pico-sdk/lib/tinyusb/src/portable/raspberrypi/rp2040/dcd_rp2040.c.o
 .time_critical.prepare_ep_buffer
                0x20000b88       0xc8 CMakeFiles/pico-mgr_board.dir/usr/share/pico-sdk/lib/tinyusb/src/portable/raspberrypi/rp2040/rp2040_usb.c.o
 .time_critical.sync_ep_buffer
                0x20000c50       0x9c CMakeFiles/pico-mgr_board.dir/usr/share/pico-sdk/lib/tinyusb/src/portable/raspberrypi/rp2040/rp2040_usb.c.o
 .time_critical._hw_endpoint_xfer_sync
                0x20000cec       0x28 CMakeFiles/pico-mgr_board.dir/usr/share/pico-sdk/lib/tinyusb/src/portable/raspberrypi/rp2040/rp2040_usb.c.o
 .time_critical.e15_is_bulkin_ep
                0x20000d14       0x28 CMakeFiles/pico-mgr_board.dir/usr/share/pico-sdk/lib/tinyusb/src/portable/raspberrypi/rp2040/rp2040_usb.c.o
 .time_critical.e15_is_critical_frame_period
                0x20000d3c       0x34 CMakeFiles/pico-mgr_board.dir/usr/share/pico-sdk/lib/tinyusb/src/portable/raspberrypi/rp2040/rp2040_usb.c.o
 .time_critical.hw_endpoint_reset_transfer
                0x20000d70        0xc CMakeFiles/pico-mgr_board.dir/usr/share/pico-sdk/lib/tinyusb/src/portable/raspberrypi/rp2040/rp2040_usb.c.o
                0x20000d70                hw_endpoint_reset_transfer
 .time_critical._hw_endpoint_buffer_control_update32
                0x20000d7c       0x50 CMakeFiles/pico-mgr_board.dir/usr/share/pico-sdk/lib/tinyusb/src/portable/raspberrypi/rp2040/rp2040_usb.c.o
                0x20000d7c                _hw_endpoint_buffer_control_update32
 .time_critical.hw_endpoint_start_next_buffer
                0x20000dcc       0x68 CMakeFiles/pico-mgr_board.dir/usr/share/pico-sdk/lib/tinyusb/src/portable/raspberrypi/rp2040/rp2040_usb.c.o
                0x20000dcc                hw_endpoint_start_next_buffer
 .time_critical.hw_endpoint_xfer_continue
                0x20000e34       0x40 CMakeFiles/pico-mgr_board.dir/usr/share/pico-sdk/lib/tinyusb/src/portable/raspberrypi/rp2040/rp2040_usb.c.o
                0x20000e34                hw_endpoint_xfer_continue
 .time_critical.tinyusb
                0x20000e74      0x1e4 CMakeFiles/pico-mgr_board.dir/usr/share/pico-sdk/lib/tinyusb/src/device/usbd.c.o
                0x20000e74                dcd_event_handler
 .time_critical.spi_write_blocking
                0x20001058       0x4c CMakeFiles/pico-mgr_board.dir/usr/share/pico-sdk/src/rp2_common/hardware_spi/spi.c.o
                0x20001058                spi_write_blocking
 .time_critical.spi_irq_handler_0
                0x200010a4       0x44 CMakeFiles/pico-mgr_board.dir/no-OS-FatFS-SD-SPI-RPi-Pico/FatFs_SPI/sd_driver/spi.c.o
 .time_critical.spi_irq_handler_1
                0x200010e8       0x44 CMakeFiles/pico-mgr_board.dir/no-OS-FatFS-SD-SPI-RPi-Pico/FatFs_SPI/sd_driver/spi.c.o
 .time_critical.spi_transfer
                0x2000112c       0xd0 CMakeFiles/pico-mgr_board.dir/no-OS-FatFS-SD-SPI-RPi-Pico/FatFs_SPI/sd_driver/spi.c.o
                0x2000112c                spi_transfer
 *(.text*)
 .text          0x200011fc        0x4 /usr/lib/gcc/arm-none-eabi/14.2.0/thumb/v6-m/nofp/libgcc.a(_dvmd_tls.o)
                0x200011fc                __aeabi_ldiv0
                0x200011fc                __aeabi_idiv0
 .text.__stub   0x20001200       0xa0 linker stubs
                0x200012a0                        . = ALIGN (0x4)
 *(.rodata*)
                0x200012a0                        . = ALIGN (0x4)
 *(.data*)
 .data.dac_val  0x200012a0        0x6 CMakeFiles/pico-mgr_board.dir/mgr_board.c.o
                0x200012a0                dac_val
 *fill*         0x200012a6        0x2 
 .data.sd_cards
                0x200012a8      0x2b8 CMakeFiles/pico-mgr_board.dir/mgr_board.c.o
 .data.spis     0x20001560       0x88 CMakeFiles/pico-mgr_board.dir/mgr_board.c.o
 .data.adc_reg_addr
                0x200015e8        0x8 CMakeFiles/pico-mgr_board.dir/MCP48CV.c.o
                0x200015e8                adc_reg_addr
 .data.striped_spin_lock_num
                0x200015f0        0x1 CMakeFiles/pico-mgr_board.dir/usr/share/pico-sdk/src/rp2_common/hardware_sync/sync.c.o
 *fill*         0x200015f1        0x3 
 .data          0x200015f4       0x48 CMakeFiles/pico-mgr_board.dir/usr/share/pico-sdk/src/rp2_common/hardware_irq/irq_handler_chain.S.o
                0x200015f4                irq_handler_chain_slots
                0x20001624                irq_handler_chain_first_slot
                0x2000162e                irq_handler_chain_remove_tail
 .data.default_alarm_pool
                0x2000163c       0x18 CMakeFiles/pico-mgr_board.dir/usr/share/pico-sdk/src/common/pico_time/time.c.o
 *fill*         0x20001654        0xc 
 .data.aeabi_bits_funcs
                0x20001660       0x10 CMakeFiles/pico-mgr_board.dir/usr/share/pico-sdk/src/rp2_common/pico_bit_ops/bit_ops_aeabi.S.o
                0x20001660                aeabi_bits_funcs
                0x20001670                aeabi_bits_funcs_end
 .data.aeabi_mem_funcs
                0x20001670       0x10 CMakeFiles/pico-mgr_board.dir/usr/share/pico-sdk/src/rp2_common/pico_mem_ops/mem_ops_aeabi.S.o
                0x20001670                aeabi_mem_funcs
                0x20001680                aeabi_mem_funcs_end
 .data.stdio_usb
                0x20001680       0x18 CMakeFiles/pico-mgr_board.dir/usr/share/pico-sdk/src/rp2_common/pico_stdio_usb/stdio_usb.c.o
                0x20001680                stdio_usb
 .data._usbd_qdef
                0x20001698       0x1c CMakeFiles/pico-mgr_board.dir/usr/share/pico-sdk/lib/tinyusb/src/device/usbd.c.o
                0x20001698                _usbd_qdef
 .data._usbd_rhport
                0x200016b4        0x1 CMakeFiles/pico-mgr_board.dir/usr/share/pico-sdk/lib/tinyusb/src/device/usbd.c.o
 .data.dummy.1  0x200016b5        0x1 CMakeFiles/pico-mgr_board.dir/no-OS-FatFS-SD-SPI-RPi-Pico/FatFs_SPI/sd_driver/spi.c.o
 .data.irqShared
                0x200016b6        0x1 CMakeFiles/pico-mgr_board.dir/no-OS-FatFS-SD-SPI-RPi-Pico/FatFs_SPI/sd_driver/spi.c.o
 *fill*         0x200016b7        0x1 
 .data.__malloc_sbrk_base
                0x200016b8        0x4 /usr/lib/gcc/arm-none-eabi/14.2.0/../../../../arm-none-eabi/lib/thumb/v6-m/nofp/libg.a(libc_a-mallocr.o)
                0x200016b8                __malloc_sbrk_base
 .data.__malloc_trim_threshold
                0x200016bc        0x4 /usr/lib/gcc/arm-none-eabi/14.2.0/../../../../arm-none-eabi/lib/thumb/v6-m/nofp/libg.a(libc_a-mallocr.o)
                0x200016bc                __malloc_trim_threshold
 .data.__malloc_av_
                0x200016c0      0x408 /usr/lib/gcc/arm-none-eabi/14.2.0/../../../../arm-none-eabi/lib/thumb/v6-m/nofp/libg.a(libc_a-mallocr.o)
                0x200016c0                __malloc_av_
 .data._impure_ptr
                0x20001ac8        0x4 /usr/lib/gcc/arm-none-eabi/14.2.0/../../../../arm-none-eabi/lib/thumb/v6-m/nofp/libg.a(libc_a-impure.o)
                0x20001ac8                _impure_ptr
 *fill*         0x20001acc        0x4 
 .data._impure_data
                0x20001ad0      0x140 /usr/lib/gcc/arm-none-eabi/14.2.0/../../../../arm-none-eabi/lib/thumb/v6-m/nofp/libg.a(libc_a-impure.o)
                0x20001ad0                _impure_data
 .data.__atexit_recursive_mutex
                0x20001c10        0x4 /usr/lib/gcc/arm-none-eabi/14.2.0/../../../../arm-none-eabi/lib/thumb/v6-m/nofp/libg.a(libc_a-__call_atexit.o)
                0x20001c10                __atexit_recursive_mutex